add.h:28:13:void tflite::reference_integer_ops::CheckArithmeticParams(const tflite::ArithmeticParams&)	8	static
add.cc:163:7:void* tflite::AddInit(TfLiteContext*, const char*, size_t)	8	static
runtime_shape.h:67:11:int32_t tflite::RuntimeShape::Dims(int) const	8	static
runtime_shape.h:96:7:int tflite::RuntimeShape::FlatSize() const	8	static
runtime_shape.h:109:3:tflite::RuntimeShape::RuntimeShape(int, const tflite::RuntimeShape&, int)	24	static
types.h:300:12:int tflite::MatchingElementsSize(const tflite::RuntimeShape&, const tflite::RuntimeShape&, const tflite::RuntimeShape&)	16	static
common.h:354:16:int32_t tflite::MultiplyByQuantizedMultiplierSmallerThanOneExp(int32_t, int32_t, int)	16	static
add.h:180:15:int8_t tflite::reference_integer_ops::AddFunc(int8_t, int8_t, const tflite::ArithmeticParams&)	16	static
add.h:135:13:void tflite::reference_ops::AddGeneralParamScale(const tflite::ArithmeticParams&, const tflite::RuntimeShape&, const int16_t*, const tflite::RuntimeShape&, const int16_t*, const tflite::RuntimeShape&, int16_t*)	48	static
add.h:211:13:void tflite::reference_ops::AddBroadcast(const T*, const T*, T*, size_t, T, T) [with T = long int]	32	static
process_broadcast_shapes.h:40:13:bool tflite::reference_ops::ProcessBroadcastShapes(const tflite::RuntimeShape&, const tflite::RuntimeShape&, tflite::ArithmeticParams*)	80	static
add.cc:196:18:TFLMRegistration tflite::Register_ADD()	16	static
common.h:46:6:bool tflite::ReduceDimensionsForBroadcast(const tflite::RuntimeShape&, const tflite::RuntimeShape&, size_t*, size_t*, size_t*) [with int MAX_DIM = 6]	112	static
add.h:75:13:void tflite::reference_integer_ops::BroadcastAddRecursiveDimensions(const tflite::ArithmeticParams&, int, size_t*, size_t*, size_t*, size_t*, size_t*, size_t*, const T*, const T*, T*, void (*)(const tflite::ArithmeticParams&), T (*)(T, T, const tflite::ArithmeticParams&)) [with T = signed char]	96	static
add.h:270:13:void tflite::reference_ops::BroadcastAddRecursiveDimensions(int, size_t*, size_t*, size_t*, size_t*, size_t*, size_t*, T, T, const T*, const T*, T*) [with T = long int]	88	static
add.h:368:13:void tflite::reference_ops::BroadcastAddRecursiveDimensions(const tflite::ArithmeticParams&, int, size_t*, size_t*, size_t*, size_t*, size_t*, size_t*, const T*, const T*, T*) [with T = short int]	96	static
add.cc:91:14:TfLiteStatus tflite::EvalAddQuantized(TfLiteContext*, TfLiteNode*, TfLiteAddParams*, const tflite::OpDataAdd*, const TfLiteEvalTensor*, const TfLiteEvalTensor*, TfLiteEvalTensor*)	456	static
add.h:201:13:void tflite::reference_ops::AddBroadcast(const T*, const T*, T*, size_t, T, T) [with T = float]	0	static
add.h:270:13:void tflite::reference_ops::BroadcastAddRecursiveDimensions(int, size_t*, size_t*, size_t*, size_t*, size_t*, size_t*, T, T, const T*, const T*, T*) [with T = float]	88	static
add.cc:35:14:TfLiteStatus tflite::EvalAdd(TfLiteContext*, TfLiteNode*, TfLiteAddParams*, const tflite::OpDataAdd*, const TfLiteEvalTensor*, const TfLiteEvalTensor*, TfLiteEvalTensor*)	344	static
add.cc:168:14:TfLiteStatus tflite::AddEval(TfLiteContext*, TfLiteNode*)	48	static
