comparisons.h:37:13:bool tflite::reference_ops::GreaterFn(T, T) [with T = float]	0	static
comparisons.h:45:13:bool tflite::reference_ops::LessFn(T, T) [with T = float]	0	static
comparisons.h:37:13:bool tflite::reference_ops::GreaterFn(T, T) [with T = signed char]	0	static
comparisons.h:45:13:bool tflite::reference_ops::LessFn(T, T) [with T = signed char]	0	static
runtime_shape.h:67:11:int32_t tflite::RuntimeShape::Dims(int) const	8	static
arg_min_max.cc:110:18:TFLMRegistration tflite::Register_ARG_MAX()	16	static
arg_min_max.cc:114:18:TFLMRegistration tflite::Register_ARG_MIN()	16	static
arg_min_max.h:36:6:void tflite::reference_ops::ArgMinMax(const tflite::RuntimeShape&, const T1*, const T3*, const tflite::RuntimeShape&, T2*, const Cmp&) [with T1 = float; T2 = long int; T3 = long int; Cmp = bool(float, float)]	80	static
arg_min_max.h:36:6:void tflite::reference_ops::ArgMinMax(const tflite::RuntimeShape&, const T1*, const T3*, const tflite::RuntimeShape&, T2*, const Cmp&) [with T1 = signed char; T2 = long int; T3 = long int; Cmp = bool(signed char, signed char)]	80	static
arg_min_max.cc:53:14:TfLiteStatus tflite::{anonymous}::Eval(TfLiteContext*, TfLiteNode*, bool)	88	static
arg_min_max.cc:104:14:TfLiteStatus tflite::{anonymous}::ArgMaxEval(TfLiteContext*, TfLiteNode*)	0	static
arg_min_max.cc:100:14:TfLiteStatus tflite::{anonymous}::ArgMinEval(TfLiteContext*, TfLiteNode*)	0	static
