batch_to_space_nd.cc:41:14:TfLiteStatus tflite::{anonymous}::Prepare(TfLiteContext*, TfLiteNode*)	40	static
runtime_shape.h:133:12:int tflite::Offset(const tflite::RuntimeShape&, int, int, int, int)	16	static
batch_to_space_nd.h:27:21:tflite::RuntimeShape tflite::reference_ops::ExtendShapeBatchToSpace(const tflite::RuntimeShape&)	48	static
batch_to_space_nd.cc:108:18:TFLMRegistration tflite::Register_BATCH_TO_SPACE_ND()	16	static
batch_to_space_nd.h:39:13:void tflite::reference_ops::BatchToSpaceND(const tflite::RuntimeShape&, const T*, const tflite::RuntimeShape&, const int32_t*, const tflite::RuntimeShape&, const int32_t*, const tflite::RuntimeShape&, T*) [with T = float]	160	static
batch_to_space_nd.h:39:13:void tflite::reference_ops::BatchToSpaceND(const tflite::RuntimeShape&, const T*, const tflite::RuntimeShape&, const int32_t*, const tflite::RuntimeShape&, const int32_t*, const tflite::RuntimeShape&, T*) [with T = signed char]	160	static
batch_to_space_nd.cc:65:14:TfLiteStatus tflite::{anonymous}::Eval(TfLiteContext*, TfLiteNode*)	272	static
