broadcast_args.cc:31:14:TfLiteStatus tflite::{anonymous}::BroadcastArgsPrepare(TfLiteContext*, TfLiteNode*)	48	static
runtime_shape.h:96:7:int tflite::RuntimeShape::FlatSize() const	8	static
broadcast_args.cc:86:18:TFLMRegistration tflite::Register_BROADCAST_ARGS()	16	static
broadcast_args.h:31:49:tflite::reference_ops::BroadcastArgs(const tflite::RuntimeShape&, const T*, const tflite::RuntimeShape&, const T*, const tflite::RuntimeShape&, T*)::<lambda(const tflite::RuntimeShape&, const T*, int)> [with T = long int]	16	static
broadcast_args.h:31:49:static long int tflite::reference_ops::BroadcastArgs(const tflite::RuntimeShape&, const T*, const tflite::RuntimeShape&, const T*, const tflite::RuntimeShape&, T*) [with T = long int]::<lambda(const tflite::RuntimeShape&, const long int*, int)>::_FUN(const tflite::RuntimeShape&, const long int*, int)	8	static
broadcast_args.h:31:49:tflite::reference_ops::BroadcastArgs(const tflite::RuntimeShape&, const T*, const tflite::RuntimeShape&, const T*, const tflite::RuntimeShape&, T*)::<lambda(const tflite::RuntimeShape&, const T*, int)> [with T = long long int]	16	static
broadcast_args.cc:62:14:TfLiteStatus tflite::{anonymous}::BroadcastArgsEval(TfLiteContext*, TfLiteNode*)	208	static
broadcast_args.h:31:49:static long long int tflite::reference_ops::BroadcastArgs(const tflite::RuntimeShape&, const T*, const tflite::RuntimeShape&, const T*, const tflite::RuntimeShape&, T*) [with T = long long int]::<lambda(const tflite::RuntimeShape&, const long long int*, int)>::_FUN(const tflite::RuntimeShape&, const long long int*, int)	8	static
