padding.h:44:12:int tflite::ComputeOutSize(TfLitePadding, int, int, int, int)	0	static
conv_common.cc:37:12:tflite::ConvParams tflite::ConvParamsFloat(const TfLiteConvParams&, const tflite::OpDataConv&)	16	static
conv_common.cc:54:12:tflite::ConvParams tflite::ConvParamsQuantized(const TfLiteConvParams&, const tflite::OpDataConv&)	16	static
conv_common.cc:74:7:void* tflite::ConvInit(TfLiteContext*, const char*, size_t)	8	static
conv_common.cc:79:14:TfLiteStatus tflite::CalculateOpDataConv(TfLiteContext*, TfLiteNode*, const TfLiteConvParams&, int, int, int, int, int, int, TfLiteType, tflite::OpDataConv*)	96	static
conv_common.cc:138:14:TfLiteStatus tflite::ConvPrepare(TfLiteContext*, TfLiteNode*)	136	static
