runtime_shape.h:67:11:int32_t tflite::RuntimeShape::Dims(int) const	8	static
common.h:354:16:int32_t tflite::MultiplyByQuantizedMultiplierSmallerThanOneExp(int32_t, int32_t, int)	16	static
cumsum.h:87:13:void tflite::reference_ops::CumSum(const tflite::ArithmeticParams&, const int8_t*, const tflite::RuntimeShape&, int32_t, bool, bool, int8_t*)	72	static
kernel_util.h:190:16:int64_t tflite::NumElements(const TfLiteIntArray*)	40	static
cumsum.cc:107:14:TfLiteStatus tflite::{anonymous}::Prepare(TfLiteContext*, TfLiteNode*)	88	static
cumsum.cc:171:18:TFLMRegistration tflite::Register_CUMSUM()	16	static
cumsum.h:29:13:void tflite::reference_ops::CumSum(const T*, const tflite::RuntimeShape&, int32_t, bool, bool, T*) [with T = float]	56	static
cumsum.cc:111:14:TfLiteStatus tflite::{anonymous}::Eval(TfLiteContext*, TfLiteNode*)	176	static
