detection_postprocess.cc:324:55:tflite::{anonymous}::DecreasingPartialArgSort(const float*, int, int, int*)::<lambda(int, int)>	0	static
stl_heap.h:214:5:void std::__adjust_heap(_RandomAccessIterator, _Distance, _Distance, _Tp, _Compare) [with _RandomAccessIterator = int*; _Distance = int; _Tp = int; _Compare = __gnu_cxx::__ops::_Iter_comp_iter<tflite::{anonymous}::DecreasingPartialArgSort(const float*, int, int, int*)::<lambda(int, int)> >]	56	static
detection_postprocess.cc:152:14:TfLiteStatus tflite::{anonymous}::Prepare(TfLiteContext*, TfLiteNode*)	72	static
flexbuffers.h:870:26:int flexbuffers::KeyCompare(const void*, const void*) [with T = long unsigned int]	0	static
flexbuffers.h:870:26:int flexbuffers::KeyCompare(const void*, const void*) [with T = long long unsigned int]	0	static
flexbuffers.h:870:26:int flexbuffers::KeyCompare(const void*, const void*) [with T = unsigned char]	0	static
flexbuffers.h:870:26:int flexbuffers::KeyCompare(const void*, const void*) [with T = short unsigned int]	0	static
detection_postprocess.cc:320:6:void tflite::{anonymous}::DecreasingPartialArgSort(const float*, int, int, int*)	64	static
util.h:65:13:bool flatbuffers::is_alpha_char(char, char)	8	static
detection_postprocess.cc:802:19:TFLMRegistration* tflite::Register_DETECTION_POSTPROCESS()	24	static
util.h:287:13:bool flatbuffers::StringToIntegerImpl(T*, const char*, int, bool) [with T = long long int]	32	static
util.h:287:13:bool flatbuffers::StringToIntegerImpl(T*, const char*, int, bool) [with T = long long unsigned int]	32	static
flexbuffers.h:138:3:R flexbuffers::ReadSizedScalar(const uint8_t*, uint8_t) [with R = long long int; T1 = signed char; T2 = short int; T4 = long int; T8 = long long int]	0	static
flexbuffers.h:138:3:R flexbuffers::ReadSizedScalar(const uint8_t*, uint8_t) [with R = long long unsigned int; T1 = unsigned char; T2 = short unsigned int; T4 = long unsigned int; T8 = long long unsigned int]	0	static
flexbuffers.h:232:10:size_t flexbuffers::Sized::read_size() const	8	static
flexbuffers.h:877:18:flexbuffers::Reference flexbuffers::Map::operator[](const char*) const	56	static
flexbuffers.h:764:18:const uint8_t* flexbuffers::Reference::Indirect() const	8	static
flexbuffers.h:640:10:flexbuffers::Vector flexbuffers::Reference::AsVector() const	16	static
flexbuffers.h:537:10:flexbuffers::String flexbuffers::Reference::AsString() const	16	static
flexbuffers.h:138:3:R flexbuffers::ReadSizedScalar(const uint8_t*, uint8_t) [with R = double; T1 = signed char; T2 = short int; T4 = float; T8 = double]	8	static
flexbuffers.h:453:12:uint64_t flexbuffers::Reference::AsUInt64() const	32	static
flexbuffers.h:424:11:int64_t flexbuffers::Reference::AsInt64() const	32	static
flexbuffers.h:480:10:double flexbuffers::Reference::AsDouble() const	24	static
detection_postprocess.cc:120:7:void* tflite::{anonymous}::Init(TfLiteContext*, const char*, size_t)	40	static
kernel_util.h:69:4:T* tflite::micro::GetTensorData(TfLiteEvalTensor*) [with T = float]	8	static
stl_algo.h:1328:5:_RandomAccessIterator std::_V2::__rotate(_RandomAccessIterator, _RandomAccessIterator, _RandomAccessIterator, std::random_access_iterator_tag) [with _RandomAccessIterator = int*]	24	static
detection_postprocess.cc:354:6:void tflite::{anonymous}::MergeSort(int*, int*, int, Compare) [with Compare = tflite::{anonymous}::DecreasingArgSort(const float*, int, int*, int*)::<lambda(int, int)>]	32	static
detection_postprocess.cc:428:14:TfLiteStatus tflite::{anonymous}::NonMaxSuppressionSingleClassHelper(TfLiteContext*, TfLiteNode*, tflite::{anonymous}::OpData*, const float*, int*, int*, int)	72	static
detection_postprocess.cc:777:14:TfLiteStatus tflite::{anonymous}::Eval(TfLiteContext*, TfLiteNode*)	160	static
