floor_div.cc:60:7:void* tflite::{anonymous}::Init(TfLiteContext*, const char*, size_t)	0	static
floor_div.h:27:3:T tflite::reference_ops::FloorDiv(T, T) [with T = float]	24	static
floor_div.cc:64:14:TfLiteStatus tflite::{anonymous}::Prepare(TfLiteContext*, TfLiteNode*)	48	static
runtime_shape.h:67:11:int32_t tflite::RuntimeShape::Dims(int) const	8	static
runtime_shape.h:109:3:tflite::RuntimeShape::RuntimeShape(int, const tflite::RuntimeShape&, int)	24	static
floor_div.cc:126:18:TFLMRegistration tflite::Register_FLOOR_DIV()	16	static
common.h:1128:22:void tflite::CopyDimsToDesc(const tflite::RuntimeShape&, tflite::NdArrayDesc<N>*) [with int N = 4]	24	static
binary_function.h:30:13:void tflite::reference_ops::BroadcastBinaryFunction4DSlow(const tflite::RuntimeShape&, const T1*, const tflite::RuntimeShape&, const T2*, const tflite::RuntimeShape&, R*, R (*)(T1, T2)) [with R = float; T1 = float; T2 = float]	224	static
floor_div.cc:104:14:TfLiteStatus tflite::{anonymous}::Eval(TfLiteContext*, TfLiteNode*)	216	static
