fully_connected.cc:29:7:void* tflite::{anonymous}::Init(TfLiteContext*, const char*, size_t)	8	static
runtime_shape.h:67:11:int32_t tflite::RuntimeShape::Dims(int) const	8	static
runtime_shape.h:96:7:int tflite::RuntimeShape::FlatSize() const	8	static
fully_connected.cc:35:14:TfLiteStatus tflite::{anonymous}::Prepare(TfLiteContext*, TfLiteNode*)	88	static
types.h:519:12:int tflite::FlatSizeSkipDim(const tflite::RuntimeShape&, int)	16	static
fully_connected.cc:202:18:TFLMRegistration tflite::Register_FULLY_CONNECTED()	16	static
fully_connected.cc:206:27:TFLMInferenceRegistration tflite::RegisterInference_FULLY_CONNECTED()	8	static
fully_connected.h:77:6:void tflite::reference_integer_ops::FullyConnected(const tflite::FullyConnectedParams&, const tflite::RuntimeShape&, const InputType*, const tflite::RuntimeShape&, const WeightType*, const tflite::RuntimeShape&, const BiasType*, const tflite::RuntimeShape&, OutputType*) [with InputType = signed char; WeightType = signed char; OutputType = signed char; BiasType = long int]	80	static
fully_connected.h:77:6:void tflite::reference_integer_ops::FullyConnected(const tflite::FullyConnectedParams&, const tflite::RuntimeShape&, const InputType*, const tflite::RuntimeShape&, const WeightType*, const tflite::RuntimeShape&, const BiasType*, const tflite::RuntimeShape&, OutputType*) [with InputType = short int; WeightType = signed char; OutputType = short int; BiasType = long long int]	80	static
fully_connected.cc:90:14:TfLiteStatus tflite::{anonymous}::Eval(TfLiteContext*, TfLiteNode*)	688	static
