hard_swish.cc:33:7:void* tflite::{anonymous}::HardSwishInit(TfLiteContext*, const char*, size_t)	8	static
fixedpoint.h:342:21:IntegerType gemmlowp::SaturatingRoundingDoublingHighMul(IntegerType, IntegerType) [with IntegerType = short int]	0	static
types.h:313:12:int tflite::MatchingFlatSize(const tflite::RuntimeShape&, const tflite::RuntimeShape&)	16	static
hard_swish.h:27:16:int16_t tflite::reference_ops::SaturatingLeftShift(int16_t, int)	0	static
hard_swish.cc:70:18:TFLMRegistration tflite::Register_HARD_SWISH()	16	static
fixedpoint.h:357:20:IntegerType gemmlowp::RoundingDivideByPOT(IntegerType, int) [with IntegerType = short int]	8	static
hard_swish.h:61:13:void tflite::reference_ops::HardSwish(const tflite::HardSwishParams&, const tflite::RuntimeShape&, const T*, const tflite::RuntimeShape&, T*) [with T = signed char]	48	static
hard_swish.cc:38:14:TfLiteStatus tflite::{anonymous}::HardSwishEval(TfLiteContext*, TfLiteNode*)	136	static
