micro_context.h:111:14:void* tflite::MicroContextAllocatePersistentBuffer(TfLiteContext*, size_t)	0	static
micro_context.h:115:21:TfLiteStatus tflite::MicroContextRequestScratchBufferInArena(TfLiteContext*, size_t, int*)	0	static
micro_context.h:120:14:void* tflite::MicroContextGetScratchBuffer(TfLiteContext*, int)	0	static
micro_context.h:123:22:TfLiteTensor* tflite::MicroContextGetTensor(const TfLiteContext*, int)	0	static
micro_context.h:127:26:TfLiteEvalTensor* tflite::MicroContextGetEvalTensor(const TfLiteContext*, int)	0	static
micro_context.h:131:31:TfLiteExternalContext* tflite::MicroContextGetExternalContext(TfLiteContext*, TfLiteExternalContextType)	0	static
kernel_runner.cc:30:6:void tflite::micro::ClearBufferApi(TfLiteContext*)	0	static
kernel_runner.cc:37:1:tflite::micro::KernelRunner::KernelRunner(const TFLMRegistration&, TfLiteTensor*, int, TfLiteIntArray*, TfLiteIntArray*, const void*, TfLiteIntArray*)	24	static
kernel_runner.cc:65:6:bool tflite::micro::KernelRunner::ValidateTempBufferDeallocated()	0	static
kernel_runner.cc:69:14:TfLiteStatus tflite::micro::KernelRunner::InitAndPrepare(const char*, size_t)	24	static
kernel_runner.cc:93:14:TfLiteStatus tflite::micro::KernelRunner::Invoke()	24	static
kernel_runner.cc:109:14:TfLiteStatus tflite::micro::KernelRunner::Reset()	8	static
kernel_runner.cc:122:14:TfLiteStatus tflite::micro::KernelRunner::Free()	8	static
