l2norm.cc:75:7:void* tflite::{anonymous}::Init(TfLiteContext*, const char*, size_t)	8	static
l2norm.cc:36:14:TfLiteStatus tflite::{anonymous}::Prepare(TfLiteContext*, TfLiteNode*)	48	static
runtime_shape.h:67:11:int32_t tflite::RuntimeShape::Dims(int) const	8	static
fixedpoint.h:329:21:IntegerType gemmlowp::SaturatingRoundingDoublingHighMul(IntegerType, IntegerType) [with IntegerType = long int]	12	static
types.h:264:12:int tflite::MatchingDim(const tflite::RuntimeShape&, int, const tflite::RuntimeShape&, int)	16	static
types.h:531:12:int tflite::MatchingFlatSizeSkipDim(const tflite::RuntimeShape&, int, const tflite::RuntimeShape&)	32	static
common.h:961:13:void tflite::GetInvSqrtQuantizedMultiplierExp(int32_t, int, int32_t*, int*)	48	static
l2normalization.h:25:13:void tflite::reference_integer_ops::L2Normalization(int32_t, int32_t, int32_t, const int8_t*, int8_t*)	56	static
l2norm.cc:81:14:TfLiteStatus tflite::{anonymous}::Eval(TfLiteContext*, TfLiteNode*)	136	static
l2norm.cc:134:18:TFLMRegistration tflite::Register_L2NORM_REF()	16	static
l2norm.cc:138:18:TFLMRegistration tflite::Register_L2_NORMALIZATION()	8	static
