leaky_relu.cc:48:7:void* tflite::LeakyReluInit(TfLiteContext*, const char*, size_t)	8	static
types.h:313:12:int tflite::MatchingFlatSize(const tflite::RuntimeShape&, const tflite::RuntimeShape&)	16	static
leaky_relu.cc:90:18:TFLMRegistration tflite::Register_LEAKY_RELU()	16	static
leaky_relu.cc:30:6:void tflite::QuantizeLeakyRelu(const tflite::LeakyReluOpData&, const TfLiteEvalTensor*, TfLiteEvalTensor*) [with T = signed char]	104	static
leaky_relu.cc:30:6:void tflite::QuantizeLeakyRelu(const tflite::LeakyReluOpData&, const TfLiteEvalTensor*, TfLiteEvalTensor*) [with T = short int]	112	static
leaky_relu.cc:53:14:TfLiteStatus tflite::LeakyReluEval(TfLiteContext*, TfLiteNode*)	80	static
