maximum_minimum.cc:54:20:static data_type tflite::{anonymous}::MaximumOp::op(data_type, data_type) [with data_type = float]	0	static
maximum_minimum.cc:54:20:static data_type tflite::{anonymous}::MaximumOp::op(data_type, data_type) [with data_type = signed char]	0	static
maximum_minimum.cc:54:20:static data_type tflite::{anonymous}::MaximumOp::op(data_type, data_type) [with data_type = long int]	0	static
maximum_minimum.cc:54:20:static data_type tflite::{anonymous}::MaximumOp::op(data_type, data_type) [with data_type = long long int]	0	static
maximum_minimum.cc:61:20:static data_type tflite::{anonymous}::MinimumOp::op(data_type, data_type) [with data_type = float]	0	static
maximum_minimum.cc:61:20:static data_type tflite::{anonymous}::MinimumOp::op(data_type, data_type) [with data_type = signed char]	0	static
maximum_minimum.cc:61:20:static data_type tflite::{anonymous}::MinimumOp::op(data_type, data_type) [with data_type = long int]	0	static
maximum_minimum.cc:61:20:static data_type tflite::{anonymous}::MinimumOp::op(data_type, data_type) [with data_type = long long int]	0	static
maximum_minimum.cc:42:3:tflite::{anonymous}::OpContext::OpContext(TfLiteContext*, TfLiteNode*)	16	static
runtime_shape.h:58:8:bool tflite::RuntimeShape::operator==(const tflite::RuntimeShape&) const	8	static
runtime_shape.h:67:11:int32_t tflite::RuntimeShape::Dims(int) const	8	static
runtime_shape.h:96:7:int tflite::RuntimeShape::FlatSize() const	8	static
runtime_shape.h:109:3:tflite::RuntimeShape::RuntimeShape(int, const tflite::RuntimeShape&, int)	24	static
types.h:300:12:int tflite::MatchingElementsSize(const tflite::RuntimeShape&, const tflite::RuntimeShape&, const tflite::RuntimeShape&)	16	static
common.h:1056:12:int tflite::SubscriptToIndex(const tflite::NdArrayDesc<5>&, int*)	12	static
maximum_minimum.cc:112:18:TFLMRegistration tflite::Register_MAXIMUM()	16	static
maximum_minimum.cc:117:18:TFLMRegistration tflite::Register_MINIMUM()	16	static
common.h:1128:22:void tflite::CopyDimsToDesc(const tflite::RuntimeShape&, tflite::NdArrayDesc<N>*) [with int N = 5]	24	static
common.h:1139:13:void tflite::NdArrayDescsForElementwiseBroadcast(const tflite::RuntimeShape&, const tflite::RuntimeShape&, tflite::NdArrayDesc<N>*, tflite::NdArrayDesc<N>*) [with int N = 5]	80	static
common.h:1235:51:typename std::enable_if<(DIM != (N - 1)), void>::type tflite::NDOpsHelperImpl(const tflite::NdArrayDesc<N>&, const Calc&, int*) [with int N = 5; int DIM = 3; Calc = tflite::reference_ops::MaximumMinimumBroadcastSlow(const tflite::RuntimeShape&, const T*, const tflite::RuntimeShape&, const T*, const tflite::RuntimeShape&, T*, Op) [with T = float; Op = float (*)(float, float); int N = 5]::<lambda(int*)>]	32	static
maximum_minimum.h:25:6:void tflite::reference_ops::MaximumMinimumBroadcastSlow(const tflite::RuntimeShape&, const T*, const tflite::RuntimeShape&, const T*, const tflite::RuntimeShape&, T*, Op) [with T = float; Op = float (*)(float, float); int N = 5]	208	static
common.h:1235:51:typename std::enable_if<(DIM != (N - 1)), void>::type tflite::NDOpsHelperImpl(const tflite::NdArrayDesc<N>&, const Calc&, int*) [with int N = 5; int DIM = 3; Calc = tflite::reference_ops::MaximumMinimumBroadcastSlow(const tflite::RuntimeShape&, const T*, const tflite::RuntimeShape&, const T*, const tflite::RuntimeShape&, T*, Op) [with T = signed char; Op = signed char (*)(signed char, signed char); int N = 5]::<lambda(int*)>]	40	static
maximum_minimum.h:25:6:void tflite::reference_ops::MaximumMinimumBroadcastSlow(const tflite::RuntimeShape&, const T*, const tflite::RuntimeShape&, const T*, const tflite::RuntimeShape&, T*, Op) [with T = signed char; Op = signed char (*)(signed char, signed char); int N = 5]	208	static
common.h:1235:51:typename std::enable_if<(DIM != (N - 1)), void>::type tflite::NDOpsHelperImpl(const tflite::NdArrayDesc<N>&, const Calc&, int*) [with int N = 5; int DIM = 3; Calc = tflite::reference_ops::MaximumMinimumBroadcastSlow(const tflite::RuntimeShape&, const T*, const tflite::RuntimeShape&, const T*, const tflite::RuntimeShape&, T*, Op) [with T = long int; Op = long int (*)(long int, long int); int N = 5]::<lambda(int*)>]	40	static
maximum_minimum.h:25:6:void tflite::reference_ops::MaximumMinimumBroadcastSlow(const tflite::RuntimeShape&, const T*, const tflite::RuntimeShape&, const T*, const tflite::RuntimeShape&, T*, Op) [with T = long int; Op = long int (*)(long int, long int); int N = 5]	208	static
common.h:1235:51:typename std::enable_if<(DIM != (N - 1)), void>::type tflite::NDOpsHelperImpl(const tflite::NdArrayDesc<N>&, const Calc&, int*) [with int N = 5; int DIM = 3; Calc = tflite::reference_ops::MaximumMinimumBroadcastSlow(const tflite::RuntimeShape&, const T*, const tflite::RuntimeShape&, const T*, const tflite::RuntimeShape&, T*, Op) [with T = long long int; Op = long long int (*)(long long int, long long int); int N = 5]::<lambda(int*)>]	32	static
maximum_minimum.h:25:6:void tflite::reference_ops::MaximumMinimumBroadcastSlow(const tflite::RuntimeShape&, const T*, const tflite::RuntimeShape&, const T*, const tflite::RuntimeShape&, T*, Op) [with T = long long int; Op = long long int (*)(long long int, long long int); int N = 5]	208	static
maximum_minimum.cc:80:14:TfLiteStatus tflite::{anonymous}::Eval(TfLiteContext*, TfLiteNode*) [with tflite::{anonymous}::KernelType kernel_type = (tflite::<unnamed>::KernelType)0; OpType = tflite::{anonymous}::MaximumOp]	384	static
maximum_minimum.cc:80:14:TfLiteStatus tflite::{anonymous}::Eval(TfLiteContext*, TfLiteNode*) [with tflite::{anonymous}::KernelType kernel_type = (tflite::<unnamed>::KernelType)0; OpType = tflite::{anonymous}::MinimumOp]	384	static
