mirror_pad.cc:164:7:void* tflite::{anonymous}::Init(TfLiteContext*, const char*, size_t)	8	static
mirror_pad.cc:169:14:TfLiteStatus tflite::{anonymous}::Prepare(TfLiteContext*, TfLiteNode*)	88	static
mirror_pad.cc:59:5:int tflite::{anonymous}::GetFlatIndex(int, int, const TfLiteEvalTensor*, const TfLiteIntArray*, int*, int*, int)	48	static
mirror_pad.cc:103:14:TfLiteStatus tflite::{anonymous}::Eval(TfLiteContext*, TfLiteNode*)	64	static
mirror_pad.cc:211:18:TFLMRegistration tflite::Register_MIRROR_PAD()	16	static
