pad.cc:35:7:void* tflite::{anonymous}::Init(TfLiteContext*, const char*, size_t)	8	static
runtime_shape.h:96:7:int tflite::RuntimeShape::FlatSize() const	8	static
runtime_shape.h:109:3:tflite::RuntimeShape::RuntimeShape(int, const tflite::RuntimeShape&, int)	24	static
kernel_util.h:190:16:int64_t tflite::NumElements(const TfLiteIntArray*)	40	static
pad.cc:123:14:TfLiteStatus tflite::PadPrepare(TfLiteContext*, TfLiteNode*)	104	static
pad.cc:220:18:TFLMRegistration tflite::Register_PAD()	16	static
pad.cc:225:18:TFLMRegistration tflite::Register_PADV2()	8	static
pad.h:38:13:void tflite::reference_ops::PadImpl(const tflite::PadParams&, const tflite::RuntimeShape&, const T*, const P*, const tflite::RuntimeShape&, T*) [with T = long int; P = long int]	216	static
pad.h:38:13:void tflite::reference_ops::PadImpl(const tflite::PadParams&, const tflite::RuntimeShape&, const T*, const P*, const tflite::RuntimeShape&, T*) [with T = float; P = float]	216	static
pad.h:38:13:void tflite::reference_ops::PadImpl(const tflite::PadParams&, const tflite::RuntimeShape&, const T*, const P*, const tflite::RuntimeShape&, T*) [with T = signed char; P = signed char]	216	static
pad.h:38:13:void tflite::reference_ops::PadImpl(const tflite::PadParams&, const tflite::RuntimeShape&, const T*, const P*, const tflite::RuntimeShape&, T*) [with T = short int; P = short int]	216	static
pad.cc:40:14:TfLiteStatus tflite::{anonymous}::Eval(TfLiteContext*, TfLiteNode*)	384	static
