prelu.cc:30:7:void* tflite::PreluInit(TfLiteContext*, const char*, size_t)	8	static
runtime_shape.h:67:11:int32_t tflite::RuntimeShape::Dims(int) const	8	static
runtime_shape.h:109:3:tflite::RuntimeShape::RuntimeShape(int, const tflite::RuntimeShape&, int)	24	static
common.h:1046:12:int tflite::SubscriptToIndex(const tflite::NdArrayDesc<4>&, int, int, int, int)	16	static
prelu.cc:71:18:TFLMRegistration tflite::Register_PRELU()	16	static
common.h:1128:22:void tflite::CopyDimsToDesc(const tflite::RuntimeShape&, tflite::NdArrayDesc<N>*) [with int N = 4]	24	static
prelu.h:30:13:void tflite::reference_ops::BroadcastPrelu4DSlow(const tflite::PreluParams&, const tflite::RuntimeShape&, const T*, const tflite::RuntimeShape&, const T*, const tflite::RuntimeShape&, T*) [with T = signed char]	200	static
prelu.cc:35:14:TfLiteStatus tflite::PreluEval(TfLiteContext*, TfLiteNode*)	208	static
