resize_bilinear.cc:33:14:TfLiteStatus tflite::{anonymous}::Prepare(TfLiteContext*, TfLiteNode*)	64	static
runtime_shape.h:109:3:tflite::RuntimeShape::RuntimeShape(int, const tflite::RuntimeShape&, int)	24	static
runtime_shape.h:133:12:int tflite::Offset(const tflite::RuntimeShape&, int, int, int, int)	16	static
types.h:264:12:int tflite::MatchingDim(const tflite::RuntimeShape&, int, const tflite::RuntimeShape&, int)	8	static
resize_bilinear.h:29:13:void tflite::reference_ops::ComputeInterpolationValues(float, float, bool, int32_t, float*, int32_t*, int32_t*)	0	static
resize_bilinear.h:119:13:void tflite::reference_ops::ComputeInterpolationValuesInteger(int32_t, int32_t, bool, int32_t, int32_t*, int32_t*, int32_t*)	8	static
resize_bilinear.cc:112:18:TFLMRegistration tflite::Register_RESIZE_BILINEAR()	16	static
resize_bilinear.h:47:13:void tflite::reference_ops::ResizeBilinear(const tflite::ResizeBilinearParams&, const tflite::RuntimeShape&, const T*, const tflite::RuntimeShape&, const int32_t*, const tflite::RuntimeShape&, T*) [with T = float]	248	static
resize_bilinear.h:136:13:void tflite::reference_ops::ResizeBilinearInteger(const tflite::ResizeBilinearParams&, const tflite::RuntimeShape&, const T*, const tflite::RuntimeShape&, const int32_t*, const tflite::RuntimeShape&, T*) [with T = signed char]	264	static
resize_bilinear.cc:69:14:TfLiteStatus tflite::{anonymous}::Eval(TfLiteContext*, TfLiteNode*)	192	static
