resize_nearest_neighbor.cc:34:14:TfLiteStatus tflite::{anonymous}::Prepare(TfLiteContext*, TfLiteNode*)	56	static
runtime_shape.h:96:7:int tflite::RuntimeShape::FlatSize() const	8	static
runtime_shape.h:109:3:tflite::RuntimeShape::RuntimeShape(int, const tflite::RuntimeShape&, int)	24	static
types.h:264:12:int tflite::MatchingDim(const tflite::RuntimeShape&, int, const tflite::RuntimeShape&, int)	8	static
resize_nearest_neighbor.h:28:16:int32_t tflite::reference_ops::GetNearestNeighbor(int, int32_t, int32_t, bool, bool)	12	static
resize_nearest_neighbor.cc:119:18:TFLMRegistration tflite::Register_RESIZE_NEAREST_NEIGHBOR()	16	static
resize_nearest_neighbor.h:50:13:void tflite::reference_ops::ResizeNearestNeighbor(const tflite::ResizeNearestNeighborParams&, const tflite::RuntimeShape&, const T*, const tflite::RuntimeShape&, const int32_t*, const tflite::RuntimeShape&, T*) [with T = long int]	152	static
resize_nearest_neighbor.h:50:13:void tflite::reference_ops::ResizeNearestNeighbor(const tflite::ResizeNearestNeighborParams&, const tflite::RuntimeShape&, const T*, const tflite::RuntimeShape&, const int32_t*, const tflite::RuntimeShape&, T*) [with T = signed char]	144	static
resize_nearest_neighbor.h:50:13:void tflite::reference_ops::ResizeNearestNeighbor(const tflite::ResizeNearestNeighborParams&, const tflite::RuntimeShape&, const T*, const tflite::RuntimeShape&, const int32_t*, const tflite::RuntimeShape&, T*) [with T = short int]	152	static
resize_nearest_neighbor.cc:68:14:TfLiteStatus tflite::{anonymous}::Eval(TfLiteContext*, TfLiteNode*)	240	static
