softmax_common.cc:68:23:static float tflite::{anonymous}::InitializeLutForInt16(TfLiteContext*, const TfLiteTensor*, TfLiteTensor*, tflite::SoftmaxParams*)::<lambda(float)>::_FUN(float)	0	static
softmax_common.cc:64:23:static float tflite::{anonymous}::InitializeLutForInt16(TfLiteContext*, const TfLiteTensor*, TfLiteTensor*, tflite::SoftmaxParams*)::<lambda(float)>::_FUN(float)	0	static
softmax_common.cc:140:7:void* tflite::SoftmaxInit(TfLiteContext*, const char*, size_t)	8	static
common.h:520:13:void tflite::detail::LUTPopulateInt16(FloatT, int32_t, FloatT, int32_t, Func, const void*, int16_t*) [with FloatT = float; Func = float (*)(float)]	72	static
softmax_common.cc:80:14:TfLiteStatus tflite::CalculateSoftmaxParams(TfLiteContext*, const TfLiteTensor*, TfLiteTensor*, const TfLiteSoftmaxParams*, tflite::SoftmaxParams*)	80	static
softmax_common.cc:145:14:TfLiteStatus tflite::SoftmaxPrepare(TfLiteContext*, TfLiteNode*)	48	static
