sub.cc:34:7:void* tflite::SubInit(TfLiteContext*, const char*, size_t)	8	static
runtime_shape.h:67:11:int32_t tflite::RuntimeShape::Dims(int) const	8	static
runtime_shape.h:96:7:int tflite::RuntimeShape::FlatSize() const	8	static
runtime_shape.h:109:3:tflite::RuntimeShape::RuntimeShape(int, const tflite::RuntimeShape&, int)	24	static
types.h:300:12:int tflite::MatchingElementsSize(const tflite::RuntimeShape&, const tflite::RuntimeShape&, const tflite::RuntimeShape&)	16	static
common.h:354:16:int32_t tflite::MultiplyByQuantizedMultiplierSmallerThanOneExp(int32_t, int32_t, int)	16	static
process_broadcast_shapes.h:40:13:bool tflite::reference_ops::ProcessBroadcastShapes(const tflite::RuntimeShape&, const tflite::RuntimeShape&, tflite::ArithmeticParams*)	80	static
sub.h:378:13:void tflite::reference_ops::Sub(const tflite::ArithmeticParams&, const tflite::RuntimeShape&, const int8_t*, const tflite::RuntimeShape&, const int8_t*, const tflite::RuntimeShape&, int8_t*)	40	static
sub.cc:164:18:TFLMRegistration tflite::Register_SUB()	16	static
sub.h:308:68:tflite::reference_ops::BroadcastQuantSubSlow(const tflite::ArithmeticParams&, const tflite::RuntimeShape&, const T*, const tflite::RuntimeShape&, const T*, const tflite::RuntimeShape&, T*)::<lambda(T, T, const tflite::ArithmeticParams&)> [with T = signed char]	16	static
sub.h:308:68:static signed char tflite::reference_ops::BroadcastQuantSubSlow(const tflite::ArithmeticParams&, const tflite::RuntimeShape&, const T*, const tflite::RuntimeShape&, const T*, const tflite::RuntimeShape&, T*) [with T = signed char]::<lambda(signed char, signed char, const tflite::ArithmeticParams&)>::_FUN(signed char, signed char, const tflite::ArithmeticParams&)	8	static
sub.h:308:68:tflite::reference_ops::BroadcastQuantSubSlow(const tflite::ArithmeticParams&, const tflite::RuntimeShape&, const T*, const tflite::RuntimeShape&, const T*, const tflite::RuntimeShape&, T*)::<lambda(T, T, const tflite::ArithmeticParams&)> [with T = short int]	16	static
sub.h:308:68:static short int tflite::reference_ops::BroadcastQuantSubSlow(const tflite::ArithmeticParams&, const tflite::RuntimeShape&, const T*, const tflite::RuntimeShape&, const T*, const tflite::RuntimeShape&, T*) [with T = short int]::<lambda(short int, short int, const tflite::ArithmeticParams&)>::_FUN(short int, short int, const tflite::ArithmeticParams&)	8	static
common.h:46:6:bool tflite::ReduceDimensionsForBroadcast(const tflite::RuntimeShape&, const tflite::RuntimeShape&, size_t*, size_t*, size_t*) [with int MAX_DIM = 6]	112	static
sub.h:142:13:void tflite::reference_ops::BroadcastSubRecursiveDimensions(int, const tflite::ArithmeticParams&, const T*, const T*, T*, size_t*, size_t*, size_t*, size_t*, size_t*, size_t*, F) [with T = float; F = tflite::reference_ops::BroadcastSubSlow(const tflite::ArithmeticParams&, const tflite::RuntimeShape&, const T*, const tflite::RuntimeShape&, const T*, const tflite::RuntimeShape&, T*) [with T = float]::<lambda(float, float, const tflite::ArithmeticParams&)>]	96	static
sub.cc:39:6:void tflite::EvalSub(TfLiteContext*, TfLiteNode*, TfLiteSubParams*, const tflite::OpDataSub*, const TfLiteEvalTensor*, const TfLiteEvalTensor*, TfLiteEvalTensor*)	376	static
sub.h:142:13:void tflite::reference_ops::BroadcastSubRecursiveDimensions(int, const tflite::ArithmeticParams&, const T*, const T*, T*, size_t*, size_t*, size_t*, size_t*, size_t*, size_t*, F) [with T = signed char; F = tflite::reference_ops::BroadcastQuantSubSlow(const tflite::ArithmeticParams&, const tflite::RuntimeShape&, const T*, const tflite::RuntimeShape&, const T*, const tflite::RuntimeShape&, T*) [with T = signed char]::<lambda(signed char, signed char, const tflite::ArithmeticParams&)>]	104	static
sub.h:142:13:void tflite::reference_ops::BroadcastSubRecursiveDimensions(int, const tflite::ArithmeticParams&, const T*, const T*, T*, size_t*, size_t*, size_t*, size_t*, size_t*, size_t*, F) [with T = short int; F = tflite::reference_ops::BroadcastQuantSubSlow(const tflite::ArithmeticParams&, const tflite::RuntimeShape&, const T*, const tflite::RuntimeShape&, const T*, const tflite::RuntimeShape&, T*) [with T = short int]::<lambda(short int, short int, const tflite::ArithmeticParams&)>]	96	static
sub.cc:66:14:TfLiteStatus tflite::EvalSubQuantized(TfLiteContext*, TfLiteNode*, TfLiteSubParams*, const tflite::OpDataSub*, const TfLiteEvalTensor*, const TfLiteEvalTensor*, TfLiteEvalTensor*)	528	static
sub.cc:137:14:TfLiteStatus tflite::SubEval(TfLiteContext*, TfLiteNode*)	48	static
