transpose_conv.cc:144:7:void* tflite::{anonymous}::Init(TfLiteContext*, const char*, size_t)	8	static
runtime_shape.h:96:7:int tflite::RuntimeShape::FlatSize() const	8	static
runtime_shape.h:133:12:int tflite::Offset(const tflite::RuntimeShape&, int, int, int, int)	16	static
types.h:264:12:int tflite::MatchingDim(const tflite::RuntimeShape&, int, const tflite::RuntimeShape&, int)	8	static
transpose_conv.h:27:13:void tflite::reference_ops::TransposeConv(const tflite::ConvParams&, const tflite::RuntimeShape&, const float*, const tflite::RuntimeShape&, const float*, const tflite::RuntimeShape&, const float*, const tflite::RuntimeShape&, float*, const tflite::RuntimeShape&, float*)	144	static
transpose_conv.h:26:13:void tflite::reference_integer_ops::TransposeConv(const tflite::ConvParams&, const int32_t*, const int32_t*, const tflite::RuntimeShape&, const int8_t*, const tflite::RuntimeShape&, const int8_t*, const tflite::RuntimeShape&, const int32_t*, const tflite::RuntimeShape&, int8_t*, const tflite::RuntimeShape&, int8_t*, int32_t*)	160	static
padding.h:44:12:int tflite::ComputeOutSize(TfLitePadding, int, int, int, int)	0	static
transpose_conv.cc:149:14:TfLiteStatus tflite::{anonymous}::Prepare(TfLiteContext*, TfLiteNode*)	208	static
transpose_conv.cc:348:18:TFLMRegistration tflite::Register_TRANSPOSE_CONV()	16	static
transpose_conv.h:126:13:void tflite::reference_integer_ops::TransposeConv(const tflite::ConvParams&, const int32_t*, const int32_t*, const tflite::RuntimeShape&, const int16_t*, const tflite::RuntimeShape&, const int8_t*, const tflite::RuntimeShape&, const Scalar*, const tflite::RuntimeShape&, int16_t*, const tflite::RuntimeShape&, int8_t*, Scalar*) [with Scalar = long long int]	152	static
transpose_conv.cc:246:14:TfLiteStatus tflite::{anonymous}::Eval(TfLiteContext*, TfLiteNode*)	440	static
