micro_memory_planner.h:62:24:virtual TfLiteStatus tflite::MicroMemoryPlanner::AddBuffer(int, int, int, int)	0	static
micro_memory_planner.h:79:24:virtual TfLiteStatus tflite::MicroMemoryPlanner::Init(unsigned char*, int)	0	static
micro_memory_planner.h:88:16:virtual void tflite::MicroMemoryPlanner::PrintMemoryPlan()	0	static
linear_memory_planner.h:40:8:virtual bool tflite::LinearMemoryPlanner::preserves_all_tensors() const	0	static
linear_memory_planner.cc:24:1:tflite::LinearMemoryPlanner::~LinearMemoryPlanner()	0	static
linear_memory_planner.cc:38:8:virtual size_t tflite::LinearMemoryPlanner::GetMaximumMemorySize()	0	static
linear_memory_planner.cc:40:5:virtual int tflite::LinearMemoryPlanner::GetBufferCount()	0	static
linear_memory_planner.cc:24:1:virtual tflite::LinearMemoryPlanner::~LinearMemoryPlanner()	8	static
linear_memory_planner.cc:26:14:virtual TfLiteStatus tflite::LinearMemoryPlanner::AddBuffer(int, int, int)	16	static
linear_memory_planner.cc:42:14:virtual TfLiteStatus tflite::LinearMemoryPlanner::GetOffsetForBuffer(int, int*)	8	static
linear_memory_planner.cc:22:1:tflite::LinearMemoryPlanner::LinearMemoryPlanner()	0	static
