camera.cpp:34:6:void flush_fifo()	0	static
camera.cpp:36:6:void clear_fifo_flag()	0	static
camera.cpp:38:6:void start_capture()	0	static
camera.cpp:40:6:void set_format(uint8_t)	0	static
camera.cpp:70:6:void OV2640_set_JPEG_size(uint8_t)	0	static
camera.cpp:42:5:int initCamera()	16	static
camera.cpp:105:10:uint32_t read_fifo_length()	16	static
camera.cpp:114:10:uint32_t getbufSize()	0	static
camera.cpp:116:9:uint8_t getbufChar(int)	0	static
camera.cpp:118:5:int DecodeandProcessRGB565(int, int, uint16_t*)	56	static
camera.cpp:179:5:int DecodeandProcessAndRGB(int, int, int8_t*, uint16_t*, int)	96	static
camera.cpp:280:5:int DecodeandProcess(int, int, uint8_t*)	64	static
camera.cpp:365:5:int StartCapture()	8	static
camera.cpp:388:9:uint8_t read_fifo_burst()	24	static
camera.cpp:347:5:int PerformCapture()	8	static
camera.cpp:377:5:int ReadCapture()	8	static
