main.cpp:139:44:void __tcf_0()	0	static
micro_mutable_op_resolver.h:49:27:const TFLMRegistration* tflite::MicroMutableOpResolver<tOpCount>::FindOp(tflite::BuiltinOperator) const [with unsigned int tOpCount = 17]	16	static
micro_mutable_op_resolver.h:43:7:tflite::MicroMutableOpResolver<17>::~MicroMutableOpResolver()	0	static
main.cpp:163:60:void __tcf_1()	0	static
micro_mutable_op_resolver.h:72:36:TfLiteStatus (* tflite::MicroMutableOpResolver<tOpCount>::GetOpDataParser(tflite::BuiltinOperator) const)(const tflite::Operator*, tflite::ErrorReporter*, tflite::BuiltinDataAllocator*, void**) [with unsigned int tOpCount = 17]	16	static
micro_mutable_op_resolver.h:61:27:const TFLMRegistration* tflite::MicroMutableOpResolver<tOpCount>::FindOp(const char*) const [with unsigned int tOpCount = 17]	24	static
micro_mutable_op_resolver.h:43:7:virtual tflite::MicroMutableOpResolver<17>::~MicroMutableOpResolver()	8	static
main.cpp:256:6:void handle_output(uint8_t, uint8_t, uint8_t, uint8_t, uint8_t)	240	static
main.cpp:305:14:signed char* getInput()	0	static
micro_mutable_op_resolver.h:662:16:TfLiteStatus tflite::MicroMutableOpResolver<tOpCount>::AddBuiltin(tflite::BuiltinOperator, const TFLMRegistration&, tflite::TfLiteBridgeBuiltinParseFunction) [with unsigned int tOpCount = 17]	32	static
main.cpp:109:5:int main()	176	static,ignoring_inline_asm
