fake_micro_context.cc:31:15:virtual TfLiteTensor* tflite::FakeMicroContext::AllocateTempTfLiteTensor(int)	0	static
fake_micro_context.cc:36:6:virtual void tflite::FakeMicroContext::DeallocateTempTfLiteTensor(TfLiteTensor*)	0	static
fake_micro_context.cc:44:10:virtual uint8_t* tflite::FakeMicroContext::AllocateTempBuffer(size_t, size_t)	0	static
fake_micro_context.cc:49:6:virtual void tflite::FakeMicroContext::DeallocateTempBuffer(uint8_t*)	0	static
fake_micro_context.cc:68:7:virtual void* tflite::FakeMicroContext::AllocatePersistentBuffer(size_t)	0	static
fake_micro_context.cc:106:14:virtual TfLiteStatus tflite::FakeMicroContext::set_external_context(void*)	0	static
fake_micro_context.cc:111:7:virtual void* tflite::FakeMicroContext::external_context()	0	static
fake_micro_context.cc:113:13:virtual tflite::MicroGraph& tflite::FakeMicroContext::graph()	0	static
fake_micro_context.h:30:3:tflite::FakeMicroContext::~FakeMicroContext()	0	static
fake_micro_context.cc:54:19:virtual TfLiteEvalTensor* tflite::FakeMicroContext::GetEvalTensor(int)	16	static
fake_micro_context.cc:98:7:virtual void* tflite::FakeMicroContext::GetScratchBuffer(int)	8	static
fake_micro_context.h:30:3:virtual tflite::FakeMicroContext::~FakeMicroContext()	8	static
fake_micro_context.cc:77:14:virtual TfLiteStatus tflite::FakeMicroContext::RequestScratchBufferInArena(size_t, int*)	16	static
fake_micro_context.cc:26:1:tflite::FakeMicroContext::FakeMicroContext(TfLiteTensor*, tflite::SingleArenaBufferAllocator*, tflite::MicroGraph*)	12	static
fake_micro_context.cc:40:6:bool tflite::FakeMicroContext::IsAllTempTfLiteTensorDeallocated()	0	static
