micro_interpreter_context.h:100:9:virtual void* tflite::MicroInterpreterContext::external_context()	0	static
micro_interpreter_context.h:102:15:virtual tflite::MicroGraph& tflite::MicroInterpreterContext::graph()	0	static
micro_interpreter_context.cc:31:1:tflite::MicroInterpreterContext::~MicroInterpreterContext()	0	static
micro_interpreter_context.cc:52:15:virtual TfLiteTensor* tflite::MicroInterpreterContext::AllocateTempTfLiteTensor(int)	24	static
micro_interpreter_context.cc:59:6:virtual void tflite::MicroInterpreterContext::DeallocateTempTfLiteTensor(TfLiteTensor*)	0	static
micro_interpreter_context.cc:74:19:virtual TfLiteEvalTensor* tflite::MicroInterpreterContext::GetEvalTensor(int)	0	static
micro_interpreter_context.cc:31:1:virtual tflite::MicroInterpreterContext::~MicroInterpreterContext()	8	static
micro_interpreter_context.cc:33:7:virtual void* tflite::MicroInterpreterContext::AllocatePersistentBuffer(size_t)	8	static
micro_interpreter_context.cc:46:7:virtual void* tflite::MicroInterpreterContext::GetScratchBuffer(int)	8	static
micro_interpreter_context.cc:63:10:virtual uint8_t* tflite::MicroInterpreterContext::AllocateTempBuffer(size_t, size_t)	8	static
micro_interpreter_context.cc:69:6:virtual void tflite::MicroInterpreterContext::DeallocateTempBuffer(uint8_t*)	8	static
micro_interpreter_context.cc:39:14:virtual TfLiteStatus tflite::MicroInterpreterContext::RequestScratchBufferInArena(size_t, int*)	8	static
micro_interpreter_context.cc:84:14:virtual TfLiteStatus tflite::MicroInterpreterContext::set_external_context(void*)	8	static
micro_interpreter_context.cc:23:1:tflite::MicroInterpreterContext::MicroInterpreterContext(tflite::MicroAllocator*, const tflite::Model*, tflite::MicroInterpreterGraph*)	12	static
micro_interpreter_context.cc:79:6:void tflite::MicroInterpreterContext::SetScratchBufferHandles(tflite::ScratchBufferHandle*)	0	static
micro_interpreter_context.cc:100:6:void tflite::MicroInterpreterContext::SetInterpreterState(tflite::MicroInterpreterContext::InterpreterState)	0	static
micro_interpreter_context.cc:105:1:tflite::MicroInterpreterContext::InterpreterState tflite::MicroInterpreterContext::GetInterpreterState() const	0	static
