test_helpers.cc:56:8:virtual void tflite::testing::{anonymous}::StackAllocator::deallocate(uint8_t*, size_t)	0	static
test_helpers.cc:92:12:tflite::testing::{anonymous}::ModelBuilder::ModelBuilder(flatbuffers::FlatBufferBuilder*)	0	static
test_helpers.cc:1445:7:static void* tflite::testing::SimpleStatefulOp::Init(TfLiteContext*, const char*, size_t)	8	static
test_helpers.cc:1542:6:static void tflite::testing::MockCustom::Free(TfLiteContext*, void*)	0	static
test_helpers.cc:1544:14:static TfLiteStatus tflite::testing::MockCustom::Prepare(TfLiteContext*, TfLiteNode*)	0	static
test_helpers.cc:1590:6:static void tflite::testing::MultipleInputs::Free(TfLiteContext*, void*)	0	static
test_helpers.cc:1644:6:static void tflite::testing::NoOp::Free(TfLiteContext*, void*)	0	static
test_helpers.cc:42:7:tflite::testing::{anonymous}::StackAllocator::~StackAllocator()	0	static
test_helpers.cc:1532:7:static void* tflite::testing::MockCustom::Init(TfLiteContext*, const char*, size_t)	8	static
test_helpers.cc:1580:7:static void* tflite::testing::MultipleInputs::Init(TfLiteContext*, const char*, size_t)	8	static
test_helpers.cc:1635:7:static void* tflite::testing::NoOp::Init(TfLiteContext*, const char*, size_t)	8	static
test_helpers.cc:48:12:virtual uint8_t* tflite::testing::{anonymous}::StackAllocator::allocate(size_t)	16	static
test_helpers.cc:1548:14:static TfLiteStatus tflite::testing::MockCustom::Invoke(TfLiteContext*, TfLiteNode*)	32	static
test_helpers.cc:1598:14:static TfLiteStatus tflite::testing::MultipleInputs::Invoke(TfLiteContext*, TfLiteNode*)	32	static
test_helpers.cc:42:7:virtual tflite::testing::{anonymous}::StackAllocator::~StackAllocator()	8	static
allocator.h:41:20:virtual uint8_t* flatbuffers::Allocator::reallocate_downward(uint8_t*, size_t, size_t, size_t, size_t)	32	static
vector_downward.h:164:12:uint8_t* flatbuffers::vector_downward::data() const	8	static
vector_downward.h:174:12:uint8_t* flatbuffers::vector_downward::scratch_end() const	8	static
test_helpers.cc:1650:14:static TfLiteStatus tflite::testing::NoOp::Invoke(TfLiteContext*, TfLiteNode*)	0	static
test_helpers.cc:75:33:flatbuffers::FlatBufferBuilder* tflite::testing::{anonymous}::BuilderInstance()	24	static
test_helpers.cc:1594:14:static TfLiteStatus tflite::testing::MultipleInputs::Prepare(TfLiteContext*, TfLiteNode*)	0	static
test_helpers.cc:1646:14:static TfLiteStatus tflite::testing::NoOp::Prepare(TfLiteContext*, TfLiteNode*)	0	static
vector_downward.h:135:10:size_t flatbuffers::vector_downward::ensure_space(size_t)	32	static
vector_downward.h:144:19:uint8_t* flatbuffers::vector_downward::make_space(size_t)	16	static
vector_downward.h:181:8:void flatbuffers::vector_downward::push(const uint8_t*, size_t)	16	static
vector_downward.h:199:8:void flatbuffers::vector_downward::fill(size_t)	16	static
flatbuffer_builder.h:165:12:uint8_t* flatbuffers::FlatBufferBuilder::GetBufferPointer() const	8	static
flatbuffer_builder.h:252:8:void flatbuffers::FlatBufferBuilder::Align(size_t)	8	static
flatbuffer_builder.h:286:8:void flatbuffers::FlatBufferBuilder::TrackField(flatbuffers::voffset_t, flatbuffers::uoffset_t)	16	static
flatbuffer_builder.h:323:13:flatbuffers::uoffset_t flatbuffers::FlatBufferBuilder::ReferTo(flatbuffers::uoffset_t)	16	static
flatbuffer_builder.h:332:8:void flatbuffers::FlatBufferBuilder::NotNested()	8	static
flatbuffer_builder.h:445:8:void flatbuffers::FlatBufferBuilder::PreAlign(size_t, size_t)	8	static
flatbuffer_builder.h:592:8:void flatbuffers::FlatBufferBuilder::StartVector(size_t, size_t)	16	static
kernel_util.h:190:16:int64_t tflite::NumElements(const TfLiteIntArray*)	40	static
test_helpers.cc:1453:14:static TfLiteStatus tflite::testing::SimpleStatefulOp::Prepare(TfLiteContext*, TfLiteNode*)	32	static
test_helpers.cc:1479:14:static TfLiteStatus tflite::testing::SimpleStatefulOp::Invoke(TfLiteContext*, TfLiteNode*)	40	static
test_helpers.cc:1437:19:static TFLMRegistration* tflite::testing::SimpleStatefulOp::GetMutableRegistration()	0	static
test_helpers.cc:1433:25:static const TFLMRegistration* tflite::testing::SimpleStatefulOp::getRegistration()	0	static
test_helpers.cc:1523:19:static TFLMRegistration* tflite::testing::MockCustom::GetMutableRegistration()	0	static
test_helpers.cc:1519:25:static const TFLMRegistration* tflite::testing::MockCustom::getRegistration()	0	static
test_helpers.cc:1571:19:static TFLMRegistration* tflite::testing::MultipleInputs::GetMutableRegistration()	0	static
test_helpers.cc:1567:25:static const TFLMRegistration* tflite::testing::MultipleInputs::getRegistration()	0	static
test_helpers.cc:1626:19:static TFLMRegistration* tflite::testing::NoOp::GetMutableRegistration()	0	static
test_helpers.cc:1622:25:static const TFLMRegistration* tflite::testing::NoOp::getRegistration()	0	static
test_helpers.cc:1865:5:int tflite::testing::TestStrcmp(const char*, const char*)	0	static
test_helpers.cc:1879:17:TfLiteIntArray* tflite::testing::IntArrayFromInts(const int*)	0	static
test_helpers.cc:1885:19:TfLiteFloatArray* tflite::testing::FloatArrayFromFloats(const float*)	0	static
test_helpers.cc:1893:14:TfLiteTensor tflite::testing::CreateQuantizedBiasTensor(const float*, int16_t*, TfLiteIntArray*, float, float, bool)	56	static
test_helpers.cc:2012:8:size_t tflite::testing::GetModelTensorCount(const tflite::Model*)	8	static
test_helpers.cc:2020:6:void tflite::testing::PackInt4ValuesDenselyInPlace(uint8_t*, int)	8	static
test_helpers.cc:1987:14:TfLiteTensor tflite::testing::CreateSymmetricPerChannelQuantizedTensor(const float*, int8_t*, TfLiteIntArray*, float*, int*, TfLiteAffineQuantization*, int, bool, TfLiteType)	48	static
flatbuffer_builder.h:272:34:flatbuffers::uoffset_t flatbuffers::FlatBufferBuilder::PushElement(T) [with T = long int]	16	static
flatbuffer_builder.h:357:13:flatbuffers::uoffset_t flatbuffers::FlatBufferBuilder::EndTable(flatbuffers::uoffset_t)	48	static
flatbuffer_builder.h:272:34:flatbuffers::uoffset_t flatbuffers::FlatBufferBuilder::PushElement(T) [with T = long unsigned int]	16	static
flatbuffer_builder.h:586:13:flatbuffers::uoffset_t flatbuffers::FlatBufferBuilder::EndVector(size_t)	8	static
flatbuffer_builder.h:472:18:flatbuffers::Offset<flatbuffers::String> flatbuffers::FlatBufferBuilder::CreateString(const char*)	16	static
flatbuffer_builder.h:1114:8:void flatbuffers::FlatBufferBuilder::Finish(flatbuffers::uoffset_t, const char*, bool)	24	static
schema_generated.h:24618:13:void tflite::FinishModelBuffer(flatbuffers::FlatBufferBuilder&, flatbuffers::Offset<tflite::Model>)	8	static
flatbuffer_builder.h:294:29:void flatbuffers::FlatBufferBuilder::AddElement(flatbuffers::voffset_t, T, T) [with T = unsigned char]	16	static
flatbuffer_builder.h:294:29:void flatbuffers::FlatBufferBuilder::AddElement(flatbuffers::voffset_t, T, T) [with T = long int]	16	static
schema_generated.h:12917:39:flatbuffers::Offset<tflite::IfOptions> tflite::CreateIfOptions(flatbuffers::FlatBufferBuilder&, int32_t, int32_t)	24	static
flatbuffer_builder.h:294:29:void flatbuffers::FlatBufferBuilder::AddElement(flatbuffers::voffset_t, T, T) [with T = signed char]	16	static
flatbuffer_builder.h:294:29:void flatbuffers::FlatBufferBuilder::AddElement(flatbuffers::voffset_t, T, T) [with T = long unsigned int]	16	static
flatbuffer_builder.h:304:29:void flatbuffers::FlatBufferBuilder::AddOffset(flatbuffers::voffset_t, flatbuffers::Offset<T>) [with T = flatbuffers::Vector<unsigned char>]	16	static
flatbuffer_builder.h:304:29:void flatbuffers::FlatBufferBuilder::AddOffset(flatbuffers::voffset_t, flatbuffers::Offset<T>) [with T = flatbuffers::Vector<long int>]	16	static
flatbuffer_builder.h:304:29:void flatbuffers::FlatBufferBuilder::AddOffset(flatbuffers::voffset_t, flatbuffers::Offset<T>) [with T = void]	16	static
flatbuffer_builder.h:304:29:void flatbuffers::FlatBufferBuilder::AddOffset(flatbuffers::voffset_t, flatbuffers::Offset<T>) [with T = flatbuffers::Vector<float>]	16	static
schema_generated.h:5168:52:flatbuffers::Offset<tflite::QuantizationParameters> tflite::CreateQuantizationParameters(flatbuffers::FlatBufferBuilder&, flatbuffers::Offset<flatbuffers::Vector<float> >, flatbuffers::Offset<flatbuffers::Vector<float> >, flatbuffers::Offset<flatbuffers::Vector<float> >, flatbuffers::Offset<flatbuffers::Vector<long long int> >, tflite::QuantizationDetails, flatbuffers::Offset<void>, int32_t)	32	static
flatbuffer_builder.h:304:29:void flatbuffers::FlatBufferBuilder::AddOffset(flatbuffers::voffset_t, flatbuffers::Offset<T>) [with T = flatbuffers::String]	16	static
schema_generated.h:5872:36:flatbuffers::Offset<tflite::Tensor> tflite::CreateTensor(flatbuffers::FlatBufferBuilder&, flatbuffers::Offset<flatbuffers::Vector<long int> >, tflite::TensorType, uint32_t, flatbuffers::Offset<flatbuffers::String>, flatbuffers::Offset<tflite::QuantizationParameters>, bool, flatbuffers::Offset<tflite::SparsityParameters>, flatbuffers::Offset<flatbuffers::Vector<long int> >, bool, flatbuffers::Offset<flatbuffers::Vector<flatbuffers::Offset<tflite::VariantSubType> > >)	40	static
schema_generated.h:15937:38:flatbuffers::Offset<tflite::SubGraph> tflite::CreateSubGraph(flatbuffers::FlatBufferBuilder&, flatbuffers::Offset<flatbuffers::Vector<flatbuffers::Offset<tflite::Tensor> > >, flatbuffers::Offset<flatbuffers::Vector<long int> >, flatbuffers::Offset<flatbuffers::Vector<long int> >, flatbuffers::Offset<flatbuffers::Vector<flatbuffers::Offset<tflite::Operator> > >, flatbuffers::Offset<flatbuffers::String>)	32	static
schema_generated.h:14581:42:flatbuffers::Offset<tflite::OperatorCode> tflite::CreateOperatorCodeDirect(flatbuffers::FlatBufferBuilder&, int8_t, const char*, int32_t, tflite::BuiltinOperator)	32	static
test_helpers.cc:156:24:tflite::testing::{anonymous}::ModelBuilder::Operator tflite::testing::{anonymous}::ModelBuilder::RegisterOp(tflite::BuiltinOperator, const char*)	24	static
schema_generated.h:16447:35:flatbuffers::Offset<tflite::Model> tflite::CreateModel(flatbuffers::FlatBufferBuilder&, uint32_t, flatbuffers::Offset<flatbuffers::Vector<flatbuffers::Offset<tflite::OperatorCode> > >, flatbuffers::Offset<flatbuffers::Vector<flatbuffers::Offset<tflite::SubGraph> > >, flatbuffers::Offset<flatbuffers::String>, flatbuffers::Offset<flatbuffers::Vector<flatbuffers::Offset<tflite::Buffer> > >, flatbuffers::Offset<flatbuffers::Vector<long int> >, flatbuffers::Offset<flatbuffers::Vector<flatbuffers::Offset<tflite::Metadata> > >, flatbuffers::Offset<flatbuffers::Vector<flatbuffers::Offset<tflite::SignatureDef> > >)	40	static
flatbuffer_builder.h:294:29:void flatbuffers::FlatBufferBuilder::AddElement(flatbuffers::voffset_t, T, T) [with T = long long unsigned int]	24	static
schema_generated.h:16037:36:flatbuffers::Offset<tflite::Buffer> tflite::CreateBuffer(flatbuffers::FlatBufferBuilder&, flatbuffers::Offset<flatbuffers::Vector<unsigned char> >, uint64_t, uint64_t)	40	static
schema_generated.h:15777:38:flatbuffers::Offset<tflite::Operator> tflite::CreateOperator(flatbuffers::FlatBufferBuilder&, uint32_t, flatbuffers::Offset<flatbuffers::Vector<long int> >, flatbuffers::Offset<flatbuffers::Vector<long int> >, tflite::BuiltinOptions, flatbuffers::Offset<void>, flatbuffers::Offset<flatbuffers::Vector<unsigned char> >, tflite::CustomOptionsFormat, flatbuffers::Offset<flatbuffers::Vector<unsigned char> >, flatbuffers::Offset<flatbuffers::Vector<long int> >, uint64_t, uint64_t, tflite::BuiltinOptions2, flatbuffers::Offset<void>)	40	static
flatbuffer_builder.h:626:42:flatbuffers::Offset<flatbuffers::Vector<U> > flatbuffers::FlatBufferBuilder::CreateVector(const T*, size_t) [with T = long int]	16	static
test_helpers.cc:1783:15:const tflite::Tensor* tflite::testing::Create1dFlatbufferTensor(int, bool)	64	static
test_helpers.cc:1798:15:const tflite::Tensor* tflite::testing::CreateQuantizedFlatbufferTensor(int)	88	static
test_helpers.cc:1829:15:const tflite::Tensor* tflite::testing::CreateMissingQuantizationFlatbufferTensor(int)	64	static
test_helpers.cc:165:20:tflite::testing::{anonymous}::ModelBuilder::Node tflite::testing::{anonymous}::ModelBuilder::AddNode(tflite::testing::{anonymous}::ModelBuilder::Operator, std::initializer_list<long int>, std::initializer_list<long int>, std::initializer_list<long int>)	88	static
test_helpers.cc:99:10:tflite::testing::{anonymous}::ModelBuilder::Tensor tflite::testing::{anonymous}::ModelBuilder::AddTensor(tflite::TensorType, std::initializer_list<long int>)	64	static
flatbuffer_builder.h:626:42:flatbuffers::Offset<flatbuffers::Vector<U> > flatbuffers::FlatBufferBuilder::CreateVector(const T*, size_t) [with T = unsigned char]	16	static
flatbuffer_builder.h:670:29:flatbuffers::Offset<flatbuffers::Vector<flatbuffers::Offset<T> > > flatbuffers::FlatBufferBuilder::CreateVector(const flatbuffers::Offset<T>*, size_t) [with T = tflite::Tensor]	24	static
flatbuffer_builder.h:670:29:flatbuffers::Offset<flatbuffers::Vector<flatbuffers::Offset<T> > > flatbuffers::FlatBufferBuilder::CreateVector(const flatbuffers::Offset<T>*, size_t) [with T = tflite::Operator]	24	static
flatbuffer_builder.h:670:29:flatbuffers::Offset<flatbuffers::Vector<flatbuffers::Offset<T> > > flatbuffers::FlatBufferBuilder::CreateVector(const flatbuffers::Offset<T>*, size_t) [with T = tflite::OperatorCode]	24	static
flatbuffer_builder.h:670:29:flatbuffers::Offset<flatbuffers::Vector<flatbuffers::Offset<T> > > flatbuffers::FlatBufferBuilder::CreateVector(const flatbuffers::Offset<T>*, size_t) [with T = tflite::SubGraph]	24	static
flatbuffer_builder.h:670:29:flatbuffers::Offset<flatbuffers::Vector<flatbuffers::Offset<T> > > flatbuffers::FlatBufferBuilder::CreateVector(const flatbuffers::Offset<T>*, size_t) [with T = tflite::Buffer]	24	static
test_helpers.cc:197:14:const tflite::Model* tflite::testing::{anonymous}::ModelBuilder::BuildModel(std::initializer_list<long int>, std::initializer_list<long int>, size_t)	128	static
test_helpers.cc:484:14:const tflite::Model* tflite::testing::{anonymous}::BuildModelWith256x256Tensor()	672	static
test_helpers.cc:1688:14:const tflite::Model* tflite::testing::GetModelWith256x256Tensor()	16	static
test_helpers.cc:292:14:const tflite::Model* tflite::testing::{anonymous}::BuildSimpleModelWithBranch()	720	static
test_helpers.cc:1757:14:const tflite::Model* tflite::testing::GetSimpleModelWithBranch()	8	static
test_helpers.cc:332:14:const tflite::Model* tflite::testing::{anonymous}::BuildModelWithOfflinePlanning(int, const int32_t*, tflite::testing::NodeConnection*, int, int)	624	static
test_helpers.cc:1765:14:const tflite::Model* tflite::testing::GetModelWithOfflinePlanning(int, const int32_t*, tflite::testing::NodeConnection*, int, int)	0	static
test_helpers.cc:270:14:const tflite::Model* tflite::testing::{anonymous}::BuildSimpleStatefulModel()	688	static
test_helpers.cc:1775:14:const tflite::Model* tflite::testing::GetSimpleStatefulModel()	8	static
test_helpers.cc:1848:1:const flatbuffers::Vector<flatbuffers::Offset<tflite::Buffer> >* tflite::testing::CreateFlatbufferBuffers()	32	static
test_helpers.cc:1672:14:const tflite::Model* tflite::testing::GetModelWithUnusedInputs()	152	static
test_helpers.cc:1680:14:const tflite::Model* tflite::testing::GetModelWithUnusedOperatorOutputs()	144	static
test_helpers.cc:1693:14:const tflite::Model* tflite::testing::GetSimpleMockModel()	176	static
test_helpers.cc:1701:14:const tflite::Model* tflite::testing::GetSimpleMultipleInputsModel()	168	static
test_helpers.cc:1709:14:const tflite::Model* tflite::testing::GetSimpleModelWithSubgraphsAndIf()	232	static
test_helpers.cc:1717:14:const tflite::Model* tflite::testing::GetSimpleModelWithIfAndEmptySubgraph()	224	static
test_helpers.cc:1725:14:const tflite::Model* tflite::testing::GetSimpleModelWithSubgraphsAndWhile()	224	static
test_helpers.cc:1733:14:const tflite::Model* tflite::testing::GetModelWithIfAndSubgraphInputTensorOverlap()	256	static
test_helpers.cc:1741:14:const tflite::Model* tflite::testing::GetSimpleModelWithNullInputsAndOutputs()	136	static
test_helpers.cc:1749:14:const tflite::Model* tflite::testing::GetComplexMockModel()	216	static
micro_mutable_op_resolver.h:87:16:TfLiteStatus tflite::MicroMutableOpResolver<tOpCount>::AddCustom(const char*, const TFLMRegistration*) [with unsigned int tOpCount = 10]	24	static
micro_mutable_op_resolver.h:352:16:TfLiteStatus tflite::MicroMutableOpResolver<tOpCount>::AddIf() [with unsigned int tOpCount = 10]	56	static
test_helpers.cc:1656:14:TfLiteStatus tflite::testing::GetTestingOpResolver(tflite::testing::TestingOpResolver&)	8	static
micro_utils.h:52:3:T tflite::FloatToSymmetricQuantizedType(float, float) [with T = long int]	8	static
test_helpers.cc:1907:14:TfLiteTensor tflite::testing::CreateQuantizedBiasTensor(const float*, int32_t*, TfLiteIntArray*, float, float, bool)	40	static
test_helpers.cc:1967:14:TfLiteTensor tflite::testing::CreatePerChannelQuantizedBiasTensor(const float*, int32_t*, TfLiteIntArray*, float, float*, float*, int*, TfLiteAffineQuantization*, int, bool)	72	static
micro_utils.h:52:3:T tflite::FloatToSymmetricQuantizedType(float, float) [with T = long long int]	8	static
test_helpers.cc:1921:14:TfLiteTensor tflite::testing::CreateQuantizedBiasTensor(const float*, int64_t*, TfLiteIntArray*, float, float, bool)	40	static
test_helpers.cc:1977:14:TfLiteTensor tflite::testing::CreatePerChannelQuantizedBiasTensor(const float*, int64_t*, TfLiteIntArray*, float, float*, float*, int*, TfLiteAffineQuantization*, int, bool)	80	static
