flatbuffer_conversions.cc:44:10:void tflite::{anonymous}::SafeBuiltinDataAllocator::BuiltinDataDeleter::operator()(void*)	0	static
flatbuffer_conversions.cc:107:23:TfLiteFusedActivation tflite::{anonymous}::ConvertActivation(tflite::ActivationFunctionType)	0	static
flatbuffer_conversions.cc:126:15:TfLitePadding tflite::{anonymous}::ConvertPadding(tflite::Padding)	0	static
unique_ptr.h:264:7:std::unique_ptr<_Tp, _Dp>::~unique_ptr() [with _Tp = TfLiteRandomParams; _Dp = tflite::{anonymous}::SafeBuiltinDataAllocator::BuiltinDataDeleter]	8	static
flatbuffer_conversions.cc:57:21:tflite::{anonymous}::SafeBuiltinDataAllocator::BuiltinDataPtr<T> tflite::{anonymous}::SafeBuiltinDataAllocator::Allocate() [with T = TfLiteRandomParams]	16	static
flatbuffer_conversions.cc:68:6:void tflite::{anonymous}::CheckParsePointerParams(const tflite::Operator*, tflite::ErrorReporter*, tflite::BuiltinDataAllocator*, void**)	8	static
flatbuffer_conversions.cc:81:21:TfLiteStatus tflite::{anonymous}::FlatBufferIntVectorToArray(int, const flatbuffers::Vector<U>*, DataType*, tflite::ErrorReporter*, const char*) [with DataType = long long int]	16	static
flatbuffer_conversions.cc:81:21:TfLiteStatus tflite::{anonymous}::FlatBufferIntVectorToArray(int, const flatbuffers::Vector<U>*, DataType*, tflite::ErrorReporter*, const char*) [with DataType = long int]	16	static
table.h:35:13:flatbuffers::voffset_t flatbuffers::Table::GetOptionalFieldOffset(flatbuffers::voffset_t) const	0	static
schema_generated.h:13852:11:int64_t tflite::RandomOptions::seed() const	8	static
schema_generated.h:13855:11:int64_t tflite::RandomOptions::seed2() const	8	static
flatbuffer_conversions.cc:1008:14:TfLiteStatus tflite::ConvertTensorType(tflite::TensorType, TfLiteType*, tflite::ErrorReporter*)	8	static
flatbuffer_conversions.cc:1076:14:TfLiteStatus tflite::ParseAbs(const tflite::Operator*, tflite::ErrorReporter*, tflite::BuiltinDataAllocator*, void**)	0	static
flatbuffer_conversions.cc:1106:14:TfLiteStatus tflite::ParseAddN(const tflite::Operator*, tflite::ErrorReporter*, tflite::BuiltinDataAllocator*, void**)	0	static
flatbuffer_conversions.cc:1164:14:TfLiteStatus tflite::ParseAssignVariable(const tflite::Operator*, tflite::ErrorReporter*, tflite::BuiltinDataAllocator*, void**)	0	static
flatbuffer_conversions.cc:1193:14:TfLiteStatus tflite::ParseBatchToSpaceNd(const tflite::Operator*, tflite::ErrorReporter*, tflite::BuiltinDataAllocator*, void**)	0	static
flatbuffer_conversions.cc:1201:14:TfLiteStatus tflite::ParseBroadcastArgs(const tflite::Operator*, tflite::ErrorReporter*, tflite::BuiltinDataAllocator*, void**)	0	static
flatbuffer_conversions.cc:1209:14:TfLiteStatus tflite::ParseBroadcastTo(const tflite::Operator*, tflite::ErrorReporter*, tflite::BuiltinDataAllocator*, void**)	0	static
flatbuffer_conversions.cc:1265:14:TfLiteStatus tflite::ParseCeil(const tflite::Operator*, tflite::ErrorReporter*, tflite::BuiltinDataAllocator*, void**)	0	static
flatbuffer_conversions.cc:1354:14:TfLiteStatus tflite::ParseCos(const tflite::Operator*, tflite::ErrorReporter*, tflite::BuiltinDataAllocator*, void**)	0	static
flatbuffer_conversions.cc:1423:14:TfLiteStatus tflite::ParseDequantize(const tflite::Operator*, tflite::ErrorReporter*, tflite::BuiltinDataAllocator*, void**)	0	static
flatbuffer_conversions.cc:1446:14:TfLiteStatus tflite::ParseElu(const tflite::Operator*, tflite::ErrorReporter*, tflite::BuiltinDataAllocator*, void**)	0	static
flatbuffer_conversions.cc:1454:14:TfLiteStatus tflite::ParseEmbeddingLookup(const tflite::Operator*, tflite::ErrorReporter*, tflite::BuiltinDataAllocator*, void**)	0	static
flatbuffer_conversions.cc:1462:14:TfLiteStatus tflite::ParseEqual(const tflite::Operator*, tflite::ErrorReporter*, tflite::BuiltinDataAllocator*, void**)	0	static
flatbuffer_conversions.cc:1470:14:TfLiteStatus tflite::ParseExp(const tflite::Operator*, tflite::ErrorReporter*, tflite::BuiltinDataAllocator*, void**)	0	static
flatbuffer_conversions.cc:1478:14:TfLiteStatus tflite::ParseExpandDims(const tflite::Operator*, tflite::ErrorReporter*, tflite::BuiltinDataAllocator*, void**)	0	static
flatbuffer_conversions.cc:1486:14:TfLiteStatus tflite::ParseFill(const tflite::Operator*, tflite::ErrorReporter*, tflite::BuiltinDataAllocator*, void**)	0	static
flatbuffer_conversions.cc:1494:14:TfLiteStatus tflite::ParseFloor(const tflite::Operator*, tflite::ErrorReporter*, tflite::BuiltinDataAllocator*, void**)	0	static
flatbuffer_conversions.cc:1502:14:TfLiteStatus tflite::ParseFloorDiv(const tflite::Operator*, tflite::ErrorReporter*, tflite::BuiltinDataAllocator*, void**)	0	static
flatbuffer_conversions.cc:1510:14:TfLiteStatus tflite::ParseFloorMod(const tflite::Operator*, tflite::ErrorReporter*, tflite::BuiltinDataAllocator*, void**)	0	static
flatbuffer_conversions.cc:1587:14:TfLiteStatus tflite::ParseGatherNd(const tflite::Operator*, tflite::ErrorReporter*, tflite::BuiltinDataAllocator*, void**)	0	static
flatbuffer_conversions.cc:1595:14:TfLiteStatus tflite::ParseGreater(const tflite::Operator*, tflite::ErrorReporter*, tflite::BuiltinDataAllocator*, void**)	0	static
flatbuffer_conversions.cc:1603:14:TfLiteStatus tflite::ParseGreaterEqual(const tflite::Operator*, tflite::ErrorReporter*, tflite::BuiltinDataAllocator*, void**)	0	static
flatbuffer_conversions.cc:1611:14:TfLiteStatus tflite::ParseHardSwish(const tflite::Operator*, tflite::ErrorReporter*, tflite::BuiltinDataAllocator*, void**)	0	static
flatbuffer_conversions.cc:1686:14:TfLiteStatus tflite::ParseLess(const tflite::Operator*, tflite::ErrorReporter*, tflite::BuiltinDataAllocator*, void**)	0	static
flatbuffer_conversions.cc:1694:14:TfLiteStatus tflite::ParseLessEqual(const tflite::Operator*, tflite::ErrorReporter*, tflite::BuiltinDataAllocator*, void**)	0	static
flatbuffer_conversions.cc:1702:14:TfLiteStatus tflite::ParseLog(const tflite::Operator*, tflite::ErrorReporter*, tflite::BuiltinDataAllocator*, void**)	0	static
flatbuffer_conversions.cc:1710:14:TfLiteStatus tflite::ParseLogicalAnd(const tflite::Operator*, tflite::ErrorReporter*, tflite::BuiltinDataAllocator*, void**)	0	static
flatbuffer_conversions.cc:1718:14:TfLiteStatus tflite::ParseLogicalNot(const tflite::Operator*, tflite::ErrorReporter*, tflite::BuiltinDataAllocator*, void**)	0	static
flatbuffer_conversions.cc:1726:14:TfLiteStatus tflite::ParseLogicalOr(const tflite::Operator*, tflite::ErrorReporter*, tflite::BuiltinDataAllocator*, void**)	0	static
flatbuffer_conversions.cc:1734:14:TfLiteStatus tflite::ParseLogistic(const tflite::Operator*, tflite::ErrorReporter*, tflite::BuiltinDataAllocator*, void**)	0	static
flatbuffer_conversions.cc:1742:14:TfLiteStatus tflite::ParseLogSoftmax(const tflite::Operator*, tflite::ErrorReporter*, tflite::BuiltinDataAllocator*, void**)	0	static
flatbuffer_conversions.cc:1784:14:TfLiteStatus tflite::ParseMaximum(const tflite::Operator*, tflite::ErrorReporter*, tflite::BuiltinDataAllocator*, void**)	0	static
flatbuffer_conversions.cc:1792:14:TfLiteStatus tflite::ParseMinimum(const tflite::Operator*, tflite::ErrorReporter*, tflite::BuiltinDataAllocator*, void**)	0	static
flatbuffer_conversions.cc:1850:14:TfLiteStatus tflite::ParseNeg(const tflite::Operator*, tflite::ErrorReporter*, tflite::BuiltinDataAllocator*, void**)	0	static
flatbuffer_conversions.cc:1858:14:TfLiteStatus tflite::ParseNotEqual(const tflite::Operator*, tflite::ErrorReporter*, tflite::BuiltinDataAllocator*, void**)	0	static
flatbuffer_conversions.cc:1891:14:TfLiteStatus tflite::ParsePad(const tflite::Operator*, tflite::ErrorReporter*, tflite::BuiltinDataAllocator*, void**)	0	static
flatbuffer_conversions.cc:1899:14:TfLiteStatus tflite::ParsePadV2(const tflite::Operator*, tflite::ErrorReporter*, tflite::BuiltinDataAllocator*, void**)	0	static
flatbuffer_conversions.cc:1937:14:TfLiteStatus tflite::ParsePow(const tflite::Operator*, tflite::ErrorReporter*, tflite::BuiltinDataAllocator*, void**)	0	static
flatbuffer_conversions.cc:1945:14:TfLiteStatus tflite::ParsePrelu(const tflite::Operator*, tflite::ErrorReporter*, tflite::BuiltinDataAllocator*, void**)	0	static
flatbuffer_conversions.cc:1953:14:TfLiteStatus tflite::ParseQuantize(const tflite::Operator*, tflite::ErrorReporter*, tflite::BuiltinDataAllocator*, void**)	0	static
flatbuffer_conversions.cc:1961:14:TfLiteStatus tflite::ParseReadVariable(const tflite::Operator*, tflite::ErrorReporter*, tflite::BuiltinDataAllocator*, void**)	0	static
flatbuffer_conversions.cc:1995:14:TfLiteStatus tflite::ParseRelu(const tflite::Operator*, tflite::ErrorReporter*, tflite::BuiltinDataAllocator*, void**)	0	static
flatbuffer_conversions.cc:2003:14:TfLiteStatus tflite::ParseRelu6(const tflite::Operator*, tflite::ErrorReporter*, tflite::BuiltinDataAllocator*, void**)	0	static
flatbuffer_conversions.cc:2236:14:TfLiteStatus tflite::ParseRound(const tflite::Operator*, tflite::ErrorReporter*, tflite::BuiltinDataAllocator*, void**)	0	static
flatbuffer_conversions.cc:2244:14:TfLiteStatus tflite::ParseRsqrt(const tflite::Operator*, tflite::ErrorReporter*, tflite::BuiltinDataAllocator*, void**)	0	static
flatbuffer_conversions.cc:2252:14:TfLiteStatus tflite::ParseSelectV2(const tflite::Operator*, tflite::ErrorReporter*, tflite::BuiltinDataAllocator*, void**)	0	static
flatbuffer_conversions.cc:2283:14:TfLiteStatus tflite::ParseSin(const tflite::Operator*, tflite::ErrorReporter*, tflite::BuiltinDataAllocator*, void**)	0	static
flatbuffer_conversions.cc:2291:14:TfLiteStatus tflite::ParseSlice(const tflite::Operator*, tflite::ErrorReporter*, tflite::BuiltinDataAllocator*, void**)	0	static
flatbuffer_conversions.cc:2324:14:TfLiteStatus tflite::ParseSpaceToBatchNd(const tflite::Operator*, tflite::ErrorReporter*, tflite::BuiltinDataAllocator*, void**)	0	static
flatbuffer_conversions.cc:2463:14:TfLiteStatus tflite::ParseSqrt(const tflite::Operator*, tflite::ErrorReporter*, tflite::BuiltinDataAllocator*, void**)	0	static
flatbuffer_conversions.cc:2471:14:TfLiteStatus tflite::ParseSquare(const tflite::Operator*, tflite::ErrorReporter*, tflite::BuiltinDataAllocator*, void**)	0	static
flatbuffer_conversions.cc:2479:14:TfLiteStatus tflite::ParseSquaredDifference(const tflite::Operator*, tflite::ErrorReporter*, tflite::BuiltinDataAllocator*, void**)	0	static
flatbuffer_conversions.cc:2571:14:TfLiteStatus tflite::ParseTanh(const tflite::Operator*, tflite::ErrorReporter*, tflite::BuiltinDataAllocator*, void**)	0	static
flatbuffer_conversions.cc:2579:14:TfLiteStatus tflite::ParseTranspose(const tflite::Operator*, tflite::ErrorReporter*, tflite::BuiltinDataAllocator*, void**)	0	static
flatbuffer_conversions.cc:2700:14:TfLiteStatus tflite::ParseZerosLike(const tflite::Operator*, tflite::ErrorReporter*, tflite::BuiltinDataAllocator*, void**)	0	static
flatbuffer_conversions.cc:2708:14:TfLiteStatus tflite::ParseBitwiseXor(const tflite::Operator*, tflite::ErrorReporter*, tflite::BuiltinDataAllocator*, void**)	0	static
flatbuffer_conversions.cc:2716:14:TfLiteStatus tflite::ParseRightShift(const tflite::Operator*, tflite::ErrorReporter*, tflite::BuiltinDataAllocator*, void**)	0	static
table.h:45:26:T flatbuffers::Table::GetField(flatbuffers::voffset_t, T) const [with T = unsigned char]	16	static
schema_generated.h:14640:26:tflite::BuiltinOptions tflite::Operator::builtin_options_type() const	8	static
schema_generated.h:15043:27:tflite::BuiltinOptions2 tflite::Operator::builtin_options_2_type() const	8	static
table.h:45:26:T flatbuffers::Table::GetField(flatbuffers::voffset_t, T) const [with T = long int]	16	static
table.h:45:26:T flatbuffers::Table::GetField(flatbuffers::voffset_t, T) const [with T = signed char]	16	static
table.h:45:26:T flatbuffers::Table::GetField(flatbuffers::voffset_t, T) const [with T = float]	16	static
table.h:50:26:P flatbuffers::Table::GetPointer(flatbuffers::voffset_t) [with P = const flatbuffers::Vector<long long int>*]	8	static
table.h:50:26:P flatbuffers::Table::GetPointer(flatbuffers::voffset_t) [with P = const void*]	8	static
schema_generated.h:14643:15:const void* tflite::Operator::builtin_options() const	8	static
flatbuffer_conversions.cc:1081:14:TfLiteStatus tflite::ParseAdd(const tflite::Operator*, tflite::ErrorReporter*, tflite::BuiltinDataAllocator*, void**)	40	static
flatbuffer_conversions.cc:1111:14:TfLiteStatus tflite::ParseArgMax(const tflite::Operator*, tflite::ErrorReporter*, tflite::BuiltinDataAllocator*, void**)	40	static
flatbuffer_conversions.cc:1136:14:TfLiteStatus tflite::ParseArgMin(const tflite::Operator*, tflite::ErrorReporter*, tflite::BuiltinDataAllocator*, void**)	40	static
flatbuffer_conversions.cc:1172:14:TfLiteStatus tflite::ParseBatchMatMul(const tflite::Operator*, tflite::ErrorReporter*, tflite::BuiltinDataAllocator*, void**)	40	static
flatbuffer_conversions.cc:1214:14:TfLiteStatus tflite::ParseCallOnce(const tflite::Operator*, tflite::ErrorReporter*, tflite::BuiltinDataAllocator*, void**)	40	static
flatbuffer_conversions.cc:1244:14:TfLiteStatus tflite::ParseCast(const tflite::Operator*, tflite::ErrorReporter*, tflite::BuiltinDataAllocator*, void**)	40	static
flatbuffer_conversions.cc:1270:14:TfLiteStatus tflite::ParseConcatenation(const tflite::Operator*, tflite::ErrorReporter*, tflite::BuiltinDataAllocator*, void**)	40	static
flatbuffer_conversions.cc:1299:14:TfLiteStatus tflite::ParseConv2D(const tflite::Operator*, tflite::ErrorReporter*, tflite::BuiltinDataAllocator*, void**)	48	static
flatbuffer_conversions.cc:1336:14:TfLiteStatus tflite::ParseCumsum(const tflite::Operator*, tflite::ErrorReporter*, tflite::BuiltinDataAllocator*, void**)	40	static
flatbuffer_conversions.cc:1359:14:TfLiteStatus tflite::ParseDepthToSpace(const tflite::Operator*, tflite::ErrorReporter*, tflite::BuiltinDataAllocator*, void**)	40	static
flatbuffer_conversions.cc:1384:14:TfLiteStatus tflite::ParseDepthwiseConv2D(const tflite::Operator*, tflite::ErrorReporter*, tflite::BuiltinDataAllocator*, void**)	40	static
flatbuffer_conversions.cc:1428:14:TfLiteStatus tflite::ParseDiv(const tflite::Operator*, tflite::ErrorReporter*, tflite::BuiltinDataAllocator*, void**)	40	static
flatbuffer_conversions.cc:1515:14:TfLiteStatus tflite::ParseFullyConnected(const tflite::Operator*, tflite::ErrorReporter*, tflite::BuiltinDataAllocator*, void**)	48	static
flatbuffer_conversions.cc:1566:14:TfLiteStatus tflite::ParseGather(const tflite::Operator*, tflite::ErrorReporter*, tflite::BuiltinDataAllocator*, void**)	40	static
schema_generated.h:14920:28:const tflite::IfOptions* tflite::Operator::builtin_options_as_IfOptions() const	8	static
flatbuffer_conversions.cc:1640:14:TfLiteStatus tflite::ParseL2Normalization(const tflite::Operator*, tflite::ErrorReporter*, tflite::BuiltinDataAllocator*, void**)	40	static
flatbuffer_conversions.cc:1667:14:TfLiteStatus tflite::ParseLeakyRelu(const tflite::Operator*, tflite::ErrorReporter*, tflite::BuiltinDataAllocator*, void**)	40	static
flatbuffer_conversions.cc:1747:14:TfLiteStatus tflite::ParseLSTM(const tflite::Operator*, tflite::ErrorReporter*, tflite::BuiltinDataAllocator*, void**)	40	static
flatbuffer_conversions.cc:1797:14:TfLiteStatus tflite::ParseMirrorPad(const tflite::Operator*, tflite::ErrorReporter*, tflite::BuiltinDataAllocator*, void**)	40	static
flatbuffer_conversions.cc:1823:14:TfLiteStatus tflite::ParseMul(const tflite::Operator*, tflite::ErrorReporter*, tflite::BuiltinDataAllocator*, void**)	40	static
flatbuffer_conversions.cc:1863:14:TfLiteStatus tflite::ParsePack(const tflite::Operator*, tflite::ErrorReporter*, tflite::BuiltinDataAllocator*, void**)	40	static
flatbuffer_conversions.cc:1904:14:TfLiteStatus tflite::ParsePool(const tflite::Operator*, tflite::ErrorReporter*, tflite::BuiltinDataAllocator*, void**)	40	static
flatbuffer_conversions.cc:1966:14:TfLiteStatus tflite::ParseReducer(const tflite::Operator*, tflite::ErrorReporter*, tflite::BuiltinDataAllocator*, void**)	40	static
flatbuffer_conversions.cc:2008:14:TfLiteStatus tflite::ParseReshape(const tflite::Operator*, tflite::ErrorReporter*, tflite::BuiltinDataAllocator*, void**)	40	static
flatbuffer_conversions.cc:2045:14:TfLiteStatus tflite::ParseResizeBilinear(const tflite::Operator*, tflite::ErrorReporter*, tflite::BuiltinDataAllocator*, void**)	40	static
flatbuffer_conversions.cc:2072:14:TfLiteStatus tflite::ParseResizeNearestNeighbor(const tflite::Operator*, tflite::ErrorReporter*, tflite::BuiltinDataAllocator*, void**)	40	static
flatbuffer_conversions.cc:2257:14:TfLiteStatus tflite::ParseShape(const tflite::Operator*, tflite::ErrorReporter*, tflite::BuiltinDataAllocator*, void**)	40	static
flatbuffer_conversions.cc:2296:14:TfLiteStatus tflite::ParseSoftmax(const tflite::Operator*, tflite::ErrorReporter*, tflite::BuiltinDataAllocator*, void**)	40	static
flatbuffer_conversions.cc:2329:14:TfLiteStatus tflite::ParseSpaceToDepth(const tflite::Operator*, tflite::ErrorReporter*, tflite::BuiltinDataAllocator*, void**)	40	static
flatbuffer_conversions.cc:2354:14:TfLiteStatus tflite::ParseSplit(const tflite::Operator*, tflite::ErrorReporter*, tflite::BuiltinDataAllocator*, void**)	40	static
flatbuffer_conversions.cc:2378:14:TfLiteStatus tflite::ParseSplitV(const tflite::Operator*, tflite::ErrorReporter*, tflite::BuiltinDataAllocator*, void**)	40	static
flatbuffer_conversions.cc:2402:14:TfLiteStatus tflite::ParseUnidirectionalSequenceLSTM(const tflite::Operator*, tflite::ErrorReporter*, tflite::BuiltinDataAllocator*, void**)	40	static
flatbuffer_conversions.cc:2427:14:TfLiteStatus tflite::ParseSqueeze(const tflite::Operator*, tflite::ErrorReporter*, tflite::BuiltinDataAllocator*, void**)	40	static
flatbuffer_conversions.cc:2484:14:TfLiteStatus tflite::ParseStridedSlice(const tflite::Operator*, tflite::ErrorReporter*, tflite::BuiltinDataAllocator*, void**)	40	static
flatbuffer_conversions.cc:2516:14:TfLiteStatus tflite::ParseSub(const tflite::Operator*, tflite::ErrorReporter*, tflite::BuiltinDataAllocator*, void**)	40	static
flatbuffer_conversions.cc:2541:14:TfLiteStatus tflite::ParseSvdf(const tflite::Operator*, tflite::ErrorReporter*, tflite::BuiltinDataAllocator*, void**)	40	static
flatbuffer_conversions.cc:2584:14:TfLiteStatus tflite::ParseTransposeConv(const tflite::Operator*, tflite::ErrorReporter*, tflite::BuiltinDataAllocator*, void**)	40	static
flatbuffer_conversions.cc:2616:14:TfLiteStatus tflite::ParseUnpack(const tflite::Operator*, tflite::ErrorReporter*, tflite::BuiltinDataAllocator*, void**)	40	static
flatbuffer_conversions.cc:2641:14:TfLiteStatus tflite::ParseVarHandle(const tflite::Operator*, tflite::ErrorReporter*, tflite::BuiltinDataAllocator*, void**)	40	static
schema_generated.h:14923:31:const tflite::WhileOptions* tflite::Operator::builtin_options_as_WhileOptions() const	8	static
schema_generated.h:14986:32:const tflite::RandomOptions* tflite::Operator::builtin_options_as_RandomOptions() const	8	static
flatbuffer_conversions.cc:2099:14:TfLiteStatus tflite::ParseStablehloScatter(const tflite::Operator*, tflite::ErrorReporter*, tflite::BuiltinDataAllocator*, void**)	40	static
flatbuffer_conversions.cc:2177:14:TfLiteStatus tflite::ParseStablehloGather(const tflite::Operator*, tflite::ErrorReporter*, tflite::BuiltinDataAllocator*, void**)	40	static
flatbuffer_conversions.cc:2151:14:TfLiteStatus tflite::ParseStablehloRngBitGenerator(const tflite::Operator*, tflite::ErrorReporter*, tflite::BuiltinDataAllocator*, void**)	40	static
flatbuffer_conversions.h:43:6:T* tflite::BuiltinDataAllocator::AllocatePOD() [with T = TfLiteIfParams]	8	static
flatbuffer_conversions.cc:1616:14:TfLiteStatus tflite::ParseIf(const tflite::Operator*, tflite::ErrorReporter*, tflite::BuiltinDataAllocator*, void**)	40	static
flatbuffer_conversions.h:43:6:T* tflite::BuiltinDataAllocator::AllocatePOD() [with T = TfLiteWhileParams]	8	static
flatbuffer_conversions.cc:2721:14:TfLiteStatus tflite::ParseOpData(const tflite::Operator*, tflite::BuiltinOperator, tflite::ErrorReporter*, tflite::BuiltinDataAllocator*, void**)	48	static
flatbuffer_conversions.cc:2672:14:TfLiteStatus tflite::ParseWhile(const tflite::Operator*, tflite::ErrorReporter*, tflite::BuiltinDataAllocator*, void**)	40	static
